[2026-06-30 14:57:30] [VERIFY] Fetching list info...
[2026-06-30 14:57:30] [VERIFY] List: formal_SN-56442_Token1-12 SN-56442_20260629141436 (id=350133)
[2026-06-30 14:57:30] [VERIFY] Reading xlsx emails...
[2026-06-30 14:57:30] [VERIFY] XLSX emails: 819
[2026-06-30 14:57:30] [VERIFY] Checking emails in list (parallel)...
[2026-06-30 14:57:43] [VERIFY] Checked 819 emails in 12.1s
[2026-06-30 14:57:43] [VERIFY] Found in list: 75
[2026-06-30 14:57:43] [VERIFY] Missing: 744
[2026-06-30 14:57:43] [VERIFY] Saved to: C:\Users\SI-Agent\AgentProject\Log\formal_SN-56442_Token1-12 SN-56442_20260629141436_emails.txt
[2026-06-30 14:57:43] 
[2026-06-30 14:57:43] [VERIFY] ===========================================================
[2026-06-30 14:57:43] [VERIFY]   formal_SN-56442_Token1-12 SN-56442_20260629141436
[2026-06-30 14:57:43] [VERIFY] ===========================================================
[2026-06-30 14:57:43] [VERIFY]   List total     : 96
[2026-06-30 14:57:43] [VERIFY]   XLSX emails    : 819
[2026-06-30 14:57:43] [VERIFY]   In list        : 75
[2026-06-30 14:57:43] [VERIFY]   Matched        : 75
[2026-06-30 14:57:43] [VERIFY]   MISSING (744):
[2026-06-30 14:57:43] [VERIFY]     - 10012915@orion.com.cn
[2026-06-30 14:57:43] [VERIFY]     - 1016983312@qq.com
[2026-06-30 14:57:43] [VERIFY]     - 1162506316@qq.com
[2026-06-30 14:57:43] [VERIFY]     - 123@abc.com
[2026-06-30 14:57:43] [VERIFY]     - 1253378205@qq.com
[2026-06-30 14:57:43] [VERIFY]     - 13810810322@163.com
[2026-06-30 14:57:43] [VERIFY]     - 1385879@chen13858.partner.onmschina.cn
[2026-06-30 14:57:43] [VERIFY]     - 15060735325@139.com
[2026-06-30 14:57:43] [VERIFY]     - 164253993@qq.com
[2026-06-30 14:57:43] [VERIFY]     - 1822648230@qq.com
[2026-06-30 14:57:43] [VERIFY]     - 3115313720@qq.com
[2026-06-30 14:57:43] [VERIFY]     - 3256727552@qq.com
[2026-06-30 14:57:43] [VERIFY]     - 34954296@qq.com
[2026-06-30 14:57:43] [VERIFY]     - 35625400@qq.com
[2026-06-30 14:57:43] [VERIFY]     - 370834221@qq.com
[2026-06-30 14:57:43] [VERIFY]     - 373262370@qq.com
[2026-06-30 14:57:43] [VERIFY]     - 374930156@qq.com
[2026-06-30 14:57:43] [VERIFY]     - 392728122@qq.com
[2026-06-30 14:57:43] [VERIFY]     - 39299390@qq.com
[2026-06-30 14:57:43] [VERIFY]     - 429830521@qq.com
[2026-06-30 14:57:43] [VERIFY]     - 460525778@qq.com
[2026-06-30 14:57:43] [VERIFY]     - 506800208@qq.com
[2026-06-30 14:57:43] [VERIFY]     - 53011880@qq.com
[2026-06-30 14:57:43] [VERIFY]     - 543137134@qq.com
[2026-06-30 14:57:43] [VERIFY]     - 543169072@qq.com
[2026-06-30 14:57:43] [VERIFY]     - 574520953@qq.com
[2026-06-30 14:57:43] [VERIFY]     - 597669769@qq.com
[2026-06-30 14:57:43] [VERIFY]     - 64695897@qq.com
[2026-06-30 14:57:43] [VERIFY]     - 65779718@qq.com
[2026-06-30 14:57:43] [VERIFY]     - 804935273@qq.com
[2026-06-30 14:57:43] [VERIFY]     - 823065999@qq.com
[2026-06-30 14:57:43] [VERIFY]     - 850277750@qq.com
[2026-06-30 14:57:43] [VERIFY]     - 86274503@qq.com
[2026-06-30 14:57:43] [VERIFY]     - 952540402@qq.com
[2026-06-30 14:57:43] [VERIFY]     - abby.xu@hyatt.com
[2026-06-30 14:57:43] [VERIFY]     - adbowe@mmm.com
[2026-06-30 14:57:43] [VERIFY]     - admin@haohetest.partner.onmschina.cn
[2026-06-30 14:57:43] [VERIFY]     - admin@musicbravo.net
[2026-06-30 14:57:43] [VERIFY]     - admin@nuozhixin.com
[2026-06-30 14:57:43] [VERIFY]     - admin@sansevip.partner.onmschina.cn
[2026-06-30 14:57:43] [VERIFY]     - admin@wila.com.cn
[2026-06-30 14:57:43] [VERIFY]     - adyang@tesla.com
[2026-06-30 14:57:43] [VERIFY]     - afzaal.hamzah@algo.com
[2026-06-30 14:57:43] [VERIFY]     - ai.wenxia@oe.21vianet.com
[2026-06-30 14:57:43] [VERIFY]     - aichuan.wac@alibaba-inc.com
[2026-06-30 14:57:43] [VERIFY]     - akin@kingsit.cn
[2026-06-30 14:57:43] [VERIFY]     - alessandro.brusotti@zegna.com
[2026-06-30 14:57:44] [VERIFY]     - alexander.xu@aleido.com
[2026-06-30 14:57:44] [VERIFY]     - alexis.siarkiewicz@agoda.com
[2026-06-30 14:57:44] [VERIFY]     - allanyu@ktcsz.com
[2026-06-30 14:57:44] [VERIFY]     - allen.fa.fan@bmw.com
[2026-06-30 14:57:44] [VERIFY]     - amin.jiang@sedgwick.cn
[2026-06-30 14:57:44] [VERIFY]     - amy.cheng2@softwareone.com
[2026-06-30 14:57:44] [VERIFY]     - an.yang@jcetglobal.com
[2026-06-30 14:57:44] [VERIFY]     - anamika.kumari@cat.com
[2026-06-30 14:57:44] [VERIFY]     - andres.bonilla@ericsson.com
[2026-06-30 14:57:44] [VERIFY]     - andrew.cameron@gm.com
[2026-06-30 14:57:44] [VERIFY]     - ashur.xu@versuni.com
[2026-06-30 14:57:44] [VERIFY]     - astroio@outlook.com
[2026-06-30 14:57:44] [VERIFY]     - azure-billing@adobe.com
[2026-06-30 14:57:44] [VERIFY]     - azure@datamesh.com
[2026-06-30 14:57:44] [VERIFY]     - azure@ford.com
[2026-06-30 14:57:44] [VERIFY]     - azure@percher.com.cn
[2026-06-30 14:57:44] [VERIFY]     - azure_china@euroland.com
[2026-06-30 14:57:44] [VERIFY]     - azureadmincn@myib.com
[2026-06-30 14:57:44] [VERIFY]     - azurechn@ford.com
[2026-06-30 14:57:44] [VERIFY]     - azuremonitoring@cat.com
[2026-06-30 14:57:44] [VERIFY]     - backend@goldensmarthome.com.tw
[2026-06-30 14:57:44] [VERIFY]     - bagley_joel_b@cat.com
[2026-06-30 14:57:44] [VERIFY]     - baoning.guo@volkswagen.com.cn
[2026-06-30 14:57:44] [VERIFY]     - baoxd@dcclouds.com
[2026-06-30 14:57:44] [VERIFY]     - bb@test.com
[2026-06-30 14:57:44] [VERIFY]     - bbq@cqe.cn
[2026-06-30 14:57:44] [VERIFY]     - bcimtech@bridgewater.cn
[2026-06-30 14:57:44] [VERIFY]     - benjamin.yan@geneseeq.com
[2026-06-30 14:57:44] [VERIFY]     - bigbenzhong@126.com
[2026-06-30 14:57:44] [VERIFY]     - billing@mygamez.com
[2026-06-30 14:57:44] [VERIFY]     - billzzxin@hanglung.com
[2026-06-30 14:57:44] [VERIFY]     - binxie@jingtengtech.com
[2026-06-30 14:57:44] [VERIFY]     - bjiang@lhcap.cn
[2026-06-30 14:57:44] [VERIFY]     - blaine_doug_r@cat.com
[2026-06-30 14:57:44] [VERIFY]     - bli10@mmm.com
[2026-06-30 14:57:44] [VERIFY]     - blue.yang@capgemini.com
[2026-06-30 14:57:44] [VERIFY]     - bob.zeng@zegna.com
[2026-06-30 14:57:44] [VERIFY]     - bond_lucas_n@cat.com
[2026-06-30 14:57:44] [VERIFY]     - bonzi.zhang@santen.com
[2026-06-30 14:57:44] [VERIFY]     - brandon.thurkettle@gm.com
[2026-06-30 14:57:44] [VERIFY]     - brennan_cody@cat.com
[2026-06-30 14:57:44] [VERIFY]     - brent.zheng@dnurse.cn
[2026-06-30 14:57:44] [VERIFY]     - brian.gyzels@ucb.com
[2026-06-30 14:57:44] [VERIFY]     - bruce.liu@wprei.com
[2026-06-30 14:57:44] [VERIFY]     - cao.xiaohui@bdo.com.cn
[2026-06-30 14:57:44] [VERIFY]     - caokun@kebaiiot.com
[2026-06-30 14:57:44] [VERIFY]     - carrie.shen@envistaco.com
[2026-06-30 14:57:44] [VERIFY]     - cary@luxurycard.com.cn
[2026-06-30 14:57:44] [VERIFY]     - celia.lv@lucky-five.com
[2026-06-30 14:57:44] [VERIFY]     - changlh@anchnet.com
[2026-06-30 14:57:44] [VERIFY]     - chao.hu@budweiserapac.com
[2026-06-30 14:57:44] [VERIFY]     - chaoc@dxc.com
[2026-06-30 14:57:44] [VERIFY]     - chaofan.yang@gds-services.com
[2026-06-30 14:57:44] [VERIFY]     - charles.sun@broadcom.com
[2026-06-30 14:57:44] [VERIFY]     - charlie.ding@oriflame.com
[2026-06-30 14:57:44] [VERIFY]     - che00337-ap@santen-china.com.cn
[2026-06-30 14:57:44] [VERIFY]     - chen.haiyun@oe.21vianet.com
[2026-06-30 14:57:44] [VERIFY]     - chengbo@facishare.com
[2026-06-30 14:57:44] [VERIFY]     - chengliang.dong@wonderlabsstudio.com
[2026-06-30 14:57:44] [VERIFY]     - chengying@fasttrack-hk.com
[2026-06-30 14:57:44] [VERIFY]     - chenhl_gz@itecheasy.com
[2026-06-30 14:57:44] [VERIFY]     - chenhui@jixiuapp.com
[2026-06-30 14:57:44] [VERIFY]     - chenqi.zhou@radiometer.cn
[2026-06-30 14:57:45] [VERIFY]     - chenty@cbs.com.cn
[2026-06-30 14:57:45] [VERIFY]     - chenzx04@mingyuanyun.com
[2026-06-30 14:57:45] [VERIFY]     - chilly.lu@bd.com
[2026-06-30 14:57:45] [VERIFY]     - chris_shao@126.com
[2026-06-30 14:57:45] [VERIFY]     - ciap.publiccloud@cn.bosch.com
[2026-06-30 14:57:45] [VERIFY]     - cindy.shen@gm.com
[2026-06-30 14:57:45] [VERIFY]     - cindy.wang1@lianwei.com.cn
[2026-06-30 14:57:45] [VERIFY]     - cj@smdhx.com
[2026-06-30 14:57:45] [VERIFY]     - claudia.jing@pharmeyes.com
[2026-06-30 14:57:45] [VERIFY]     - cloud.azure.cn@ingka.ikea.com
[2026-06-30 14:57:45] [VERIFY]     - cloud_service_support@porsche.cn
[2026-06-30 14:57:45] [VERIFY]     - clouddev@airdoc.com
[2026-06-30 14:57:45] [VERIFY]     - clouddevops@cn.ey.com
[2026-06-30 14:57:45] [VERIFY]     - cmarilly@cegid.com
[2026-06-30 14:57:45] [VERIFY]     - cocoma@perf365.com
[2026-06-30 14:57:45] [VERIFY]     - cole_shanon_j@cat.com
[2026-06-30 14:57:45] [VERIFY]     - colinzhang@shuion.com.cn
[2026-06-30 14:57:45] [VERIFY]     - craig_liang@merck.com
[2026-06-30 14:57:45] [VERIFY]     - cxlit@isoftstone.com
[2026-06-30 14:57:45] [VERIFY]     - cyao@brita.net
[2026-06-30 14:57:45] [VERIFY]     - cynthia.zhang@hoya.com
[2026-06-30 14:57:45] [VERIFY]     - dailinlin@utourworld.com
[2026-06-30 14:57:45] [VERIFY]     - daisywang1102@hotmail.com
[2026-06-30 14:57:45] [VERIFY]     - daniel.lu@wehotelpurchase.com
[2026-06-30 14:57:45] [VERIFY]     - daniel.wang@silverfernfarms.co.nz
[2026-06-30 14:57:45] [VERIFY]     - daniel.zhang@santen.com
[2026-06-30 14:57:45] [VERIFY]     - david.du@ferrero.com
[2026-06-30 14:57:45] [VERIFY]     - david.gao@gm.com
[2026-06-30 14:57:45] [VERIFY]     - david.kang@laerdal.com
[2026-06-30 14:57:45] [VERIFY]     - david.zhang@oneiotworld.com
[2026-06-30 14:57:45] [VERIFY]     - david.zhao@cn.mcd.com
[2026-06-30 14:57:45] [VERIFY]     - david.zhao@quectel.com
[2026-06-30 14:57:45] [VERIFY]     - davidko@gy4k.com
[2026-06-30 14:57:45] [VERIFY]     - dayu@zjdycykj.com
[2026-06-30 14:57:45] [VERIFY]     - dengguohui@yiliaosoft.com
[2026-06-30 14:57:45] [VERIFY]     - dennis@deep.money
[2026-06-30 14:57:45] [VERIFY]     - devops@mocking-j.com
[2026-06-30 14:57:45] [VERIFY]     - devops@wsc-sports.com
[2026-06-30 14:57:45] [VERIFY]     - dhu3sgh@bosch.com
[2026-06-30 14:57:45] [VERIFY]     - dicky.mao@lloyds.com
[2026-06-30 14:57:45] [VERIFY]     - dj1546214203@163.com
[2026-06-30 14:57:45] [VERIFY]     - dl_devops@exeevo.com
[2026-06-30 14:57:45] [VERIFY]     - domain@boolan.com
[2026-06-30 14:57:45] [VERIFY]     - dong.wang@sgmw.com.cn
[2026-06-30 14:57:45] [VERIFY]     - dong_hao@cat.com
[2026-06-30 14:57:45] [VERIFY]     - dongliang.cai@timken.com
[2026-06-30 14:57:45] [VERIFY]     - dongshi.li@encory.com
[2026-06-30 14:57:45] [VERIFY]     - duanxingjian@gmail.com
[2026-06-30 14:57:45] [VERIFY]     - duanyifeng@allbrightlaw.com
[2026-06-30 14:57:45] [VERIFY]     - dzhang17@mmm.com
[2026-06-30 14:57:45] [VERIFY]     - eaportaltest01@daisy234.partner.onmschina.cn
[2026-06-30 14:57:46] [VERIFY]     - echowu926@126.com
[2026-06-30 14:57:46] [VERIFY]     - edmond.lee@publicisresources.com
[2026-06-30 14:57:46] [VERIFY]     - ekwan@venuplus.com
[2026-06-30 14:57:46] [VERIFY]     - elu1sgh@bosch.com
[2026-06-30 14:57:46] [VERIFY]     - emchen@microsoft.com
[2026-06-30 14:57:46] [VERIFY]     - emeaap@adobe.com
[2026-06-30 14:57:46] [VERIFY]     - emma.sheng@riscogroup.com
[2026-06-30 14:57:46] [VERIFY]     - engineeringtest@daisy234.partner.onmschina.cn
[2026-06-30 14:57:46] [VERIFY]     - enhao.lu@arcadis.com
[2026-06-30 14:57:46] [VERIFY]     - epicshi@smingtech.com
[2026-06-30 14:57:46] [VERIFY]     - eren.qin@tmf-group.com
[2026-06-30 14:57:46] [VERIFY]     - eric.dang@plexusintl.com.cn
[2026-06-30 14:57:46] [VERIFY]     - eric.pan@rogerscorporation.com
[2026-06-30 14:57:46] [VERIFY]     - eric.wu@amersports.com
[2026-06-30 14:57:46] [VERIFY]     - ericl@clp.com.cn
[2026-06-30 14:57:46] [VERIFY]     - etfei@coca-cola.com
[2026-06-30 14:57:46] [VERIFY]     - ethu@coca-cola.com
[2026-06-30 14:57:46] [VERIFY]     - evacuee.xia@gmail.com
[2026-06-30 14:57:46] [VERIFY]     - ewazure_ap@edwards.com
[2026-06-30 14:57:46] [VERIFY]     - fabrice@scalavtech.cn
[2026-06-30 14:57:46] [VERIFY]     - fanpeng@beisen.com
[2026-06-30 14:57:46] [VERIFY]     - fariachen@outlook.com
[2026-06-30 14:57:46] [VERIFY]     - farner@adobe.com
[2026-06-30 14:57:46] [VERIFY]     - fathom@vip.sina.com
[2026-06-30 14:57:46] [VERIFY]     - feng@nssesh.com.cn
[2026-06-30 14:57:46] [VERIFY]     - finance_cn@3shape.com
[2026-06-30 14:57:46] [VERIFY]     - fisher.wang@t-systems.com
[2026-06-30 14:57:46] [VERIFY]     - fly.hong@shell.com
[2026-06-30 14:57:46] [VERIFY]     - fon.feng@eat2eat.com
[2026-06-30 14:57:46] [VERIFY]     - frank.du@shiseido.cn
[2026-06-30 14:57:46] [VERIFY]     - frank.h.chen@gsk.com
[2026-06-30 14:57:46] [VERIFY]     - frank.liu@nexperia-semi.com
[2026-06-30 14:57:46] [VERIFY]     - franky.wong@carl-f-bucherer.cn.com
[2026-06-30 14:57:46] [VERIFY]     - fred.li@cn.bosch.com
[2026-06-30 14:57:46] [VERIFY]     - ftnkn@126.com
[2026-06-30 14:57:46] [VERIFY]     - fuguo.lu@163.com
[2026-06-30 14:57:46] [VERIFY]     - furx@bielcrystal.com
[2026-06-30 14:57:46] [VERIFY]     - gang.liu@dic.com.cn
[2026-06-30 14:57:46] [VERIFY]     - ganghaomiao@canaan-creative.com
[2026-06-30 14:57:46] [VERIFY]     - gangwu07@163.com
[2026-06-30 14:57:46] [VERIFY]     - gao_qiang@nec.cn
[2026-06-30 14:57:46] [VERIFY]     - gaob@esquel.com
[2026-06-30 14:57:46] [VERIFY]     - gaob@esquelpass.partner.onmschina.cn
[2026-06-30 14:57:46] [VERIFY]     - gaocong@magicrew.com
[2026-06-30 14:57:46] [VERIFY]     - gaowei@dopowing.com
[2026-06-30 14:57:46] [VERIFY]     - gary.zheng@zoetis.com
[2026-06-30 14:57:46] [VERIFY]     - gengying@dcclouds.com
[2026-06-30 14:57:46] [VERIFY]     - ggl@maoliu.net
[2026-06-30 14:57:46] [VERIFY]     - gin.xu@effem.com
[2026-06-30 14:57:46] [VERIFY]     - gjb@baisonmail.com
[2026-06-30 14:57:46] [VERIFY]     - goblingao@sinoglass.com
[2026-06-30 14:57:46] [VERIFY]     - gordon.zhang@wika.com
[2026-06-30 14:57:46] [VERIFY]     - gordon_gu@flyingnets.com
[2026-06-30 14:57:46] [VERIFY]     - guanqing.weng@allnex.com
[2026-06-30 14:57:46] [VERIFY]     - guo_liang0808@126.com
[2026-06-30 14:57:46] [VERIFY]     - guoguannan@outlook.com
[2026-06-30 14:57:47] [VERIFY]     - guojing@wnt.com.cn
[2026-06-30 14:57:47] [VERIFY]     - guomingyang@encootech.com
[2026-06-30 14:57:47] [VERIFY]     - gw00313895@gwm.cn
[2026-06-30 14:57:47] [VERIFY]     - haitaoj@herbalife.com
[2026-06-30 14:57:47] [VERIFY]     - han.bin.shi@msd.com
[2026-06-30 14:57:47] [VERIFY]     - hang.dai@lifestyles.cn
[2026-06-30 14:57:47] [VERIFY]     - hanqing.liu@shiseido.cn
[2026-06-30 14:57:47] [VERIFY]     - hanzhu@nutstore.net
[2026-06-30 14:57:47] [VERIFY]     - hao.xu@cn.yokogawa.com
[2026-06-30 14:57:47] [VERIFY]     - haoli.liao@salesforce-china.com
[2026-06-30 14:57:47] [VERIFY]     - haozhen@iactive.com.cn
[2026-06-30 14:57:47] [VERIFY]     - hchen@in-road.com
[2026-06-30 14:57:47] [VERIFY]     - heathcote-ivory@qq.com
[2026-06-30 14:57:47] [VERIFY]     - heaton.liu@elementsolutionsinc.com
[2026-06-30 14:57:47] [VERIFY]     - hejin@schaeffler.com
[2026-06-30 14:57:47] [VERIFY]     - hengyh@int.beyondsoft.com
[2026-06-30 14:57:47] [VERIFY]     - herman.zhao@avepoint.com
[2026-06-30 14:57:47] [VERIFY]     - hk001320cn@3m.com.cn
[2026-06-30 14:57:47] [VERIFY]     - hongdongxiao@inman.cc
[2026-06-30 14:57:47] [VERIFY]     - hongyan.xian@hkland.com
[2026-06-30 14:57:47] [VERIFY]     - hongyan2.sun@loreal.com
[2026-06-30 14:57:47] [VERIFY]     - hou_qiang@wuxiapptec.com
[2026-06-30 14:57:47] [VERIFY]     - hr01@rolandsz.com
[2026-06-30 14:57:47] [VERIFY]     - hr@daoyehuo.com
[2026-06-30 14:57:47] [VERIFY]     - huachun.chen@cn.bosch.com
[2026-06-30 14:57:47] [VERIFY]     - huaicheng.li@accenture.cn
[2026-06-30 14:57:47] [VERIFY]     - huang.dachun@outlook.com
[2026-06-30 14:57:47] [VERIFY]     - huangbo@vip.163.com
[2026-06-30 14:57:47] [VERIFY]     - huangweili@xincheng.com
[2026-06-30 14:57:47] [VERIFY]     - huangxc@dtw.com.cn
[2026-06-30 14:57:47] [VERIFY]     - huangzq@teld.cn
[2026-06-30 14:57:47] [VERIFY]     - hugo@cn.gt.com
[2026-06-30 14:57:47] [VERIFY]     - hui.chen@enzymaster.com
[2026-06-30 14:57:47] [VERIFY]     - huifang.liu@honeywell.com
[2026-06-30 14:57:47] [VERIFY]     - huqinzhou@cn.wilmar-intl.com
[2026-06-30 14:57:47] [VERIFY]     - hyang@gnresound.com
[2026-06-30 14:57:47] [VERIFY]     - i@imbushuo.net
[2026-06-30 14:57:47] [VERIFY]     - iai@estee.com
[2026-06-30 14:57:47] [VERIFY]     - ian.zhou@vistachina.cn
[2026-06-30 14:57:47] [VERIFY]     - ilf2szh@bosch.com
[2026-06-30 14:57:47] [VERIFY]     - inchlin@synnex-grp.com
[2026-06-30 14:57:47] [VERIFY]     - infrastructure@reasonables.com
[2026-06-30 14:57:47] [VERIFY]     - intoinfchina@outlook.com
[2026-06-30 14:57:47] [VERIFY]     - iris.cai@cn.ey.com
[2026-06-30 14:57:47] [VERIFY]     - isaacb@logisteed.com
[2026-06-30 14:57:47] [VERIFY]     - issac_manoj@cat.com
[2026-06-30 14:57:47] [VERIFY]     - it.china@itwdynatec.cn
[2026-06-30 14:57:47] [VERIFY]     - it.cn@anton-paar.com
[2026-06-30 14:57:47] [VERIFY]     - it.cn@iqair.com
[2026-06-30 14:57:47] [VERIFY]     - it.gotec-tz@gotec-group.com
[2026-06-30 14:57:47] [VERIFY]     - it@boss-young.com
[2026-06-30 14:57:47] [VERIFY]     - itcooperation@hihonor.com
[2026-06-30 14:57:48] [VERIFY]     - itdatacenter@deltaww.com
[2026-06-30 14:57:48] [VERIFY]     - itlicensing@gmac.com
[2026-06-30 14:57:48] [VERIFY]     - itoshibox@hotmail.com
[2026-06-30 14:57:48] [VERIFY]     - iven.dan@fang-ka.cn
[2026-06-30 14:57:48] [VERIFY]     - j.dai@klg-itm.com
[2026-06-30 14:57:48] [VERIFY]     - jack.chan@suez.com
[2026-06-30 14:57:48] [VERIFY]     - jack.feng@linde.com
[2026-06-30 14:57:48] [VERIFY]     - jack.qian@fwd.com
[2026-06-30 14:57:48] [VERIFY]     - jack.zhang@brocent.com
[2026-06-30 14:57:48] [VERIFY]     - jackin.lv@moxa.com
[2026-06-30 14:57:48] [VERIFY]     - jacky.chen@viatris.com
[2026-06-30 14:57:48] [VERIFY]     - jacky.zhang.sa.rp@fujifilm.com
[2026-06-30 14:57:48] [VERIFY]     - jagewude@hotmail.com
[2026-06-30 14:57:48] [VERIFY]     - jak1szh@bosch.com
[2026-06-30 14:57:48] [VERIFY]     - jalv@coca-cola.com
[2026-06-30 14:57:48] [VERIFY]     - jane.sun@cbctech.com
[2026-06-30 14:57:48] [VERIFY]     - janet.huan@allianceph.cn
[2026-06-30 14:57:48] [VERIFY]     - jason.cheung@shangri-la.com
[2026-06-30 14:57:48] [VERIFY]     - jason.lei@dmgmori.com
[2026-06-30 14:57:48] [VERIFY]     - jason.wu@leica-microsystems.com
[2026-06-30 14:57:48] [VERIFY]     - jason.zhuang@convergint.com
[2026-06-30 14:57:48] [VERIFY]     - jayesh.pal.ext@ericsson.com
[2026-06-30 14:57:48] [VERIFY]     - jayesh.pal@ericsson.com
[2026-06-30 14:57:48] [VERIFY]     - jayleefan@foxmail.com
[2026-06-30 14:57:48] [VERIFY]     - jbfanning@mmm.com
[2026-06-30 14:57:48] [VERIFY]     - jcui@sharewinfo.com
[2026-06-30 14:57:48] [VERIFY]     - jdbeijing@jdchina.partner.onmschina.cn
[2026-06-30 14:57:48] [VERIFY]     - jean.li@vxmt.com.cn
[2026-06-30 14:57:48] [VERIFY]     - jeff.zhou@abbvie.com
[2026-06-30 14:57:48] [VERIFY]     - jeffery.yu@sony.com
[2026-06-30 14:57:48] [VERIFY]     - jeffrey.wang@hm.com
[2026-06-30 14:57:48] [VERIFY]     - jeffry.wan@sonepar.com.cn
[2026-06-30 14:57:48] [VERIFY]     - jenn.zhang@sapiencepro.com
[2026-06-30 14:57:48] [VERIFY]     - jennifercao@cn.lvmh-pc.com
[2026-06-30 14:57:48] [VERIFY]     - jerry.jia@lvmhwatchjewelry.com
[2026-06-30 14:57:48] [VERIFY]     - jerry.liu@vikingcruises.cn
[2026-06-30 14:57:48] [VERIFY]     - jerry.mygift@outlook.com
[2026-06-30 14:57:48] [VERIFY]     - jessica@stashdapp.com
[2026-06-30 14:57:48] [VERIFY]     - jiamin.wang@xmumic.com
[2026-06-30 14:57:48] [VERIFY]     - jian.han@lianwei.com.cn
[2026-06-30 14:57:48] [VERIFY]     - jian.j.xu@mercedes-benz.com
[2026-06-30 14:57:48] [VERIFY]     - jian.ju@advantech.com.cn
[2026-06-30 14:57:48] [VERIFY]     - jiang.yu@eplan.cn
[2026-06-30 14:57:48] [VERIFY]     - jiazl@redbullchina.com
[2026-06-30 14:57:48] [VERIFY]     - jie.sun@bridgestone.com
[2026-06-30 14:57:48] [VERIFY]     - jie.yang@fresenius-kabi.com
[2026-06-30 14:57:48] [VERIFY]     - jie.zhu@nord.com.cn
[2026-06-30 14:57:48] [VERIFY]     - jieyu.you@kiongroup.com
[2026-06-30 14:57:48] [VERIFY]     - jim.derrick@agilysys.com
[2026-06-30 14:57:48] [VERIFY]     - jin.quanwei@cn.ricoh.com
[2026-06-30 14:57:48] [VERIFY]     - jinfj@inesa-lab.com
[2026-06-30 14:57:48] [VERIFY]     - jing0929@daisy234.partner.onmschina.cn
[2026-06-30 14:57:48] [VERIFY]     - jingkouzs@126.com
[2026-06-30 14:57:48] [VERIFY]     - jingye.liu@zxtm-tj.com
[2026-06-30 14:57:48] [VERIFY]     - jingyi.li@clobotics.com
[2026-06-30 14:57:48] [VERIFY]     - jiny1.sh@chinatelecom.cn
[2026-06-30 14:57:49] [VERIFY]     - jjiang4@hematogenix.com
[2026-06-30 14:57:49] [VERIFY]     - joe.chen@hermes.com
[2026-06-30 14:57:49] [VERIFY]     - joe.cheng@prvalue.cn
[2026-06-30 14:57:49] [VERIFY]     - joe.zhou@l-global.com
[2026-06-30 14:57:49] [VERIFY]     - joey.qiao@tektronix.com
[2026-06-30 14:57:49] [VERIFY]     - jonathan.lee@perfettivanmelle.com
[2026-06-30 14:57:49] [VERIFY]     - jonny.shen@bluebottlecoffee.com
[2026-06-30 14:57:49] [VERIFY]     - jorney_zhong@intsig.net
[2026-06-30 14:57:49] [VERIFY]     - junqiuwu@accutarbio.com
[2026-06-30 14:57:49] [VERIFY]     - jwysoft@hotmail.com
[2026-06-30 14:57:49] [VERIFY]     - jzhang@guandata.com
[2026-06-30 14:57:49] [VERIFY]     - kai.zhang@hcr.com.cn
[2026-06-30 14:57:49] [VERIFY]     - kaiger.lee@tolinx.net
[2026-06-30 14:57:49] [VERIFY]     - kairong.wang@united-imaging.com
[2026-06-30 14:57:49] [VERIFY]     - kejie.ma@chanel.com
[2026-06-30 14:57:49] [VERIFY]     - kelfen.han@sunagy.com
[2026-06-30 14:57:49] [VERIFY]     - kelsey.zhang@vtradex.com
[2026-06-30 14:57:49] [VERIFY]     - ken_hung@asus.com
[2026-06-30 14:57:49] [VERIFY]     - kevin.berger@gm.com
[2026-06-30 14:57:49] [VERIFY]     - kevin.carter2@honeywell.com
[2026-06-30 14:57:49] [VERIFY]     - kevin.zyt.zhou@cn.ey.com
[2026-06-30 14:57:49] [VERIFY]     - kevinn@wicrenet.com
[2026-06-30 14:57:49] [VERIFY]     - kevn.wang@163.com
[2026-06-30 14:57:49] [VERIFY]     - killian_qi@weview.green
[2026-06-30 14:57:49] [VERIFY]     - knoxmsg.ops@samsung.com
[2026-06-30 14:57:49] [VERIFY]     - knt@rosti.com
[2026-06-30 14:57:49] [VERIFY]     - kong.jun@siemens-healthineers.com
[2026-06-30 14:57:49] [VERIFY]     - kqi@onececo.com
[2026-06-30 14:57:49] [VERIFY]     - kunpeng.zeng@anruidigital.com
[2026-06-30 14:57:49] [VERIFY]     - kw@xh.sh.cn
[2026-06-30 14:57:49] [VERIFY]     - kwzhang@intemedic.com
[2026-06-30 14:57:49] [VERIFY]     - kyle.wu@vanguardlogistics.com
[2026-06-30 14:57:49] [VERIFY]     - lan@phs.com.hk
[2026-06-30 14:57:49] [VERIFY]     - landbreeze@163.com
[2026-06-30 14:57:49] [VERIFY]     - larry@tech4trade.com
[2026-06-30 14:57:49] [VERIFY]     - laurence.miao@cn.bosch.com
[2026-06-30 14:57:49] [VERIFY]     - lea.gu@ump.com.hk
[2026-06-30 14:57:49] [VERIFY]     - leaf8848@hotmail.com
[2026-06-30 14:57:49] [VERIFY]     - lee.li@global.ntt
[2026-06-30 14:57:49] [VERIFY]     - leliu@munichre.com.cn
[2026-06-30 14:57:49] [VERIFY]     - leo.lou@breadtalk.com
[2026-06-30 14:57:49] [VERIFY]     - leo.zhou@aldi.cn
[2026-06-30 14:57:49] [VERIFY]     - leon.sun@quantumscm.com
[2026-06-30 14:57:49] [VERIFY]     - leslie.impr@gmail.com
[2026-06-30 14:57:49] [VERIFY]     - lewis@lghnh.com.cn
[2026-06-30 14:57:49] [VERIFY]     - leyenda@bh-sap.com
[2026-06-30 14:57:49] [VERIFY]     - lez@phenomenex.com
[2026-06-30 14:57:49] [VERIFY]     - li.q@siemens-energy.com
[2026-06-30 14:57:49] [VERIFY]     - li.qibing@trs.com.cn
[2026-06-30 14:57:49] [VERIFY]     - li.yansong@trans-cosmos.com.cn
[2026-06-30 14:57:50] [VERIFY]     - liang.kang@exeevo.com
[2026-06-30 14:57:50] [VERIFY]     - liang.zhang@beigene.com
[2026-06-30 14:57:50] [VERIFY]     - liangchengping@sutu.tech
[2026-06-30 14:57:50] [VERIFY]     - liangdongyang@icgoo.cn
[2026-06-30 14:57:50] [VERIFY]     - liangmin@datamesh.com
[2026-06-30 14:57:50] [VERIFY]     - liany@glodon.com
[2026-06-30 14:57:50] [VERIFY]     - lianzi.ji@geneseeq.com
[2026-06-30 14:57:50] [VERIFY]     - liaozhi@seo.com.cn
[2026-06-30 14:57:50] [VERIFY]     - lifei.gong@shangri-la.com
[2026-06-30 14:57:50] [VERIFY]     - lily.lei@nedap.com
[2026-06-30 14:57:50] [VERIFY]     - lin.zhang4@kohler.com.cn
[2026-06-30 14:57:50] [VERIFY]     - lindebin@sf-auto.com
[2026-06-30 14:57:50] [VERIFY]     - linjiyan@pharmcube.com
[2026-06-30 14:57:50] [VERIFY]     - lipin@swellfun.com
[2026-06-30 14:57:50] [VERIFY]     - liqiang@danfoss.com
[2026-06-30 14:57:50] [VERIFY]     - liqiang@ke.com
[2026-06-30 14:57:50] [VERIFY]     - liqingyang125@126.com
[2026-06-30 14:57:50] [VERIFY]     - liu.jiao7@xydigit.com
[2026-06-30 14:57:50] [VERIFY]     - liujing@goldeastpaper.com.cn
[2026-06-30 14:57:50] [VERIFY]     - liujx@yunzhixue.cn
[2026-06-30 14:57:50] [VERIFY]     - liuqing@jcmedicalinc.com
[2026-06-30 14:57:50] [VERIFY]     - liuyu@cdeledu.com
[2026-06-30 14:57:50] [VERIFY]     - liwen.zhou@cat.com
[2026-06-30 14:57:50] [VERIFY]     - lixiwei1108@airdoc.com
[2026-06-30 14:57:50] [VERIFY]     - liye@laiye.com
[2026-06-30 14:57:50] [VERIFY]     - lizhiyuan@live.com
[2026-06-30 14:57:50] [VERIFY]     - ljiang@2zetta.com
[2026-06-30 14:57:50] [VERIFY]     - lli@ennead.com
[2026-06-30 14:57:50] [VERIFY]     - lokesh.chennam@exeevo.com
[2026-06-30 14:57:50] [VERIFY]     - longsheng.tian@caidya.com
[2026-06-30 14:57:50] [VERIFY]     - lu.xinle@zhiding.cn
[2026-06-30 14:57:50] [VERIFY]     - lucius.cao@quesbook.com
[2026-06-30 14:57:50] [VERIFY]     - luffy.zhou@loreal.com
[2026-06-30 14:57:50] [VERIFY]     - lukasz.gasior.ext@ericsson.com
[2026-06-30 14:57:50] [VERIFY]     - luna.qi@akmii.com
[2026-06-30 14:57:50] [VERIFY]     - lundo.hua@cn.bosch.com
[2026-06-30 14:57:50] [VERIFY]     - luohairui6@163.com
[2026-06-30 14:57:50] [VERIFY]     - luohong@sensetime.com
[2026-06-30 14:57:50] [VERIFY]     - luojie@sysmex.com.cn
[2026-06-30 14:57:50] [VERIFY]     - lvrongyu@outlook.com
[2026-06-30 14:57:50] [VERIFY]     - m13999@163.com
[2026-06-30 14:57:50] [VERIFY]     - mahaibing@vchangyi.com
[2026-06-30 14:57:50] [VERIFY]     - maowei.jiang@se.com
[2026-06-30 14:57:50] [VERIFY]     - marketing@nord-lock.com.cn
[2026-06-30 14:57:50] [VERIFY]     - massimo.perona@zegna.com
[2026-06-30 14:57:50] [VERIFY]     - matt.lee@lifeplusworldwide.com
[2026-06-30 14:57:50] [VERIFY]     - max.shen@beamsuntory.com
[2026-06-30 14:57:50] [VERIFY]     - max.wang@imperva.com
[2026-06-30 14:57:50] [VERIFY]     - mayank.thakar@deiglobal.com
[2026-06-30 14:57:50] [VERIFY]     - mcd-anchnet@anchnet.com
[2026-06-30 14:57:50] [VERIFY]     - miao.guo@1hai.cn
[2026-06-30 14:57:50] [VERIFY]     - michael.li@corteva.com
[2026-06-30 14:57:50] [VERIFY]     - michael_l@mygamez.com
[2026-06-30 14:57:50] [VERIFY]     - microsoftazure@filtronic.com
[2026-06-30 14:57:50] [VERIFY]     - mil8szh@bosch.com
[2026-06-30 14:57:50] [VERIFY]     - ming-ming.gui@chargedot.com
[2026-06-30 14:57:50] [VERIFY]     - minyu@hongtastock.com
[2026-06-30 14:57:50] [VERIFY]     - mispro@ahsay.com
[2026-06-30 14:57:50] [VERIFY]     - miungwe@vip.qq.com
[2026-06-30 14:57:50] [VERIFY]     - mkweb@mkweb.partner.onmschina.cn
[2026-06-30 14:57:51] [VERIFY]     - mouchaojian@eastedu.com
[2026-06-30 14:57:51] [VERIFY]     - msci_azchina-sbmonitoring@msci.com
[2026-06-30 14:57:51] [VERIFY]     - multipliciflore@163.com
[2026-06-30 14:57:51] [VERIFY]     - myron@techsun.com
[2026-06-30 14:57:51] [VERIFY]     - nana.wu@tgexsanyi.cn
[2026-06-30 14:57:51] [VERIFY]     - nancy.zhu@bnp-propulsion.com.cn
[2026-06-30 14:57:51] [VERIFY]     - naomi.zhu@atlascopco.com
[2026-06-30 14:57:51] [VERIFY]     - natt.ni@astrazeneca.com
[2026-06-30 14:57:51] [VERIFY]     - neilhe@agiwork.com
[2026-06-30 14:57:51] [VERIFY]     - nick.fang@essilorchina.com
[2026-06-30 14:57:51] [VERIFY]     - nick.ruan@shaphar.com
[2026-06-30 14:57:51] [VERIFY]     - nick_t_wu@manulife-sinochem.com
[2026-06-30 14:57:51] [VERIFY]     - nicky.wang@pousheng.com
[2026-06-30 14:57:51] [VERIFY]     - nie-yn@neusoft.com
[2026-06-30 14:57:51] [VERIFY]     - nikhil.gopadi@cat.com
[2026-06-30 14:57:51] [VERIFY]     - nitsan.shalev@smarsh.com
[2026-06-30 14:57:51] [VERIFY]     - nixon_chen@mckinsey.com.cn
[2026-06-30 14:57:51] [VERIFY]     - olawale.ogunleye@cat.com
[2026-06-30 14:57:51] [VERIFY]     - oliver.song@itiaoling.com
[2026-06-30 14:57:51] [VERIFY]     - operations@appinchina.co
[2026-06-30 14:57:51] [VERIFY]     - oscar.zhu@estudio.toshiba.com.cn
[2026-06-30 14:57:51] [VERIFY]     - oth002428@shiseido.cn
[2026-06-30 14:57:51] [VERIFY]     - oth002429@shiseido.cn
[2026-06-30 14:57:51] [VERIFY]     - oth002431@shiseido.cn
[2026-06-30 14:57:51] [VERIFY]     - p-lu@mmm.com
[2026-06-30 14:57:51] [VERIFY]     - panchangjun@inductotherm.com.cn
[2026-06-30 14:57:51] [VERIFY]     - panhuliu@whale.im
[2026-06-30 14:57:51] [VERIFY]     - panjie@fatianshi.cn
[2026-06-30 14:57:51] [VERIFY]     - pasakorn.rat@quantiumfund.com
[2026-06-30 14:57:51] [VERIFY]     - patric.bachem@trelleborg.com
[2026-06-30 14:57:51] [VERIFY]     - patrick.wei@starbucks.cn
[2026-06-30 14:57:51] [VERIFY]     - pei_jiaqi@nec.cn
[2026-06-30 14:57:51] [VERIFY]     - pengfei.song@honeywell.com
[2026-06-30 14:57:51] [VERIFY]     - penn.zuo@opple.com
[2026-06-30 14:57:51] [VERIFY]     - penny.xu@halma.com
[2026-06-30 14:57:51] [VERIFY]     - peter.li@weihansoft.com
[2026-06-30 14:57:51] [VERIFY]     - phoenix.huang@kantar.com
[2026-06-30 14:57:51] [VERIFY]     - phzeng-c-@coca-cola.com
[2026-06-30 14:57:51] [VERIFY]     - pji2@ford.com
[2026-06-30 14:57:51] [VERIFY]     - pmlodecki@sol-m.com
[2026-06-30 14:57:51] [VERIFY]     - pranav.sethi@centrient.com
[2026-06-30 14:57:51] [VERIFY]     - psinha@microsoft.com
[2026-06-30 14:57:51] [VERIFY]     - purc@sunia.com
[2026-06-30 14:57:51] [VERIFY]     - qiang.hot.hot@googlemail.com
[2026-06-30 14:57:51] [VERIFY]     - qin.anran@zte.com.cn
[2026-06-30 14:57:51] [VERIFY]     - qiuwei@rayneo.com
[2026-06-30 14:57:51] [VERIFY]     - qiuyun.cheng@hand-china.com
[2026-06-30 14:57:51] [VERIFY]     - qq70990707@qq70990707.partner.onmschina.cn
[2026-06-30 14:57:51] [VERIFY]     - qwang156@ford.com
[2026-06-30 14:57:51] [VERIFY]     - rafael.wang@he-consulting.me
[2026-06-30 14:57:52] [VERIFY]     - raghuram.coimbatore.rajagopal@ericsson.com
[2026-06-30 14:57:52] [VERIFY]     - raghuram.rajagopal.ext@ericsson.com
[2026-06-30 14:57:52] [VERIFY]     - ralle214@ford.com
[2026-06-30 14:57:52] [VERIFY]     - ravinder.nampally@cat.com
[2026-06-30 14:57:52] [VERIFY]     - rch@universal-robots.com
[2026-06-30 14:57:52] [VERIFY]     - rd@adjacentech.com
[2026-06-30 14:57:52] [VERIFY]     - rdcloud.backup.div3@veeam.com
[2026-06-30 14:57:52] [VERIFY]     - rdcloud.backup.qa@veeam.com
[2026-06-30 14:57:52] [VERIFY]     - realityone@me.com
[2026-06-30 14:57:52] [VERIFY]     - rensiyu@yuewen.com
[2026-06-30 14:57:52] [VERIFY]     - riccardo.giaccardo@sabaf.cn
[2026-06-30 14:57:52] [VERIFY]     - richard.andersson@trelleborg.com
[2026-06-30 14:57:52] [VERIFY]     - rmichel@lucidhearing.com
[2026-06-30 14:57:52] [VERIFY]     - robin@igroup.com.cn
[2026-06-30 14:57:52] [VERIFY]     - robxiao@coca-cola.com
[2026-06-30 14:57:52] [VERIFY]     - rohit.prabhakar@publicisresources.com
[2026-06-30 14:57:52] [VERIFY]     - rong.bai@ampleon.com
[2026-06-30 14:57:52] [VERIFY]     - rongyou@wjw1.com
[2026-06-30 14:57:52] [VERIFY]     - rosontan@rplus.com
[2026-06-30 14:57:52] [VERIFY]     - roy.you@electrolux.com
[2026-06-30 14:57:52] [VERIFY]     - rui.ji@cheilpengtai.com
[2026-06-30 14:57:52] [VERIFY]     - rwang@labsphere.com
[2026-06-30 14:57:52] [VERIFY]     - ryanchen@costco.com.cn
[2026-06-30 14:57:52] [VERIFY]     - s.huang@blueavenueassociates.com
[2026-06-30 14:57:52] [VERIFY]     - sam.chen@tinno.com
[2026-06-30 14:57:52] [VERIFY]     - sam.xia.hongjing@simedarby.com.hk
[2026-06-30 14:57:52] [VERIFY]     - sam.xu@wellingtoncollege.cn
[2026-06-30 14:57:52] [VERIFY]     - samson.chen@convatec.com
[2026-06-30 14:57:52] [VERIFY]     - sap_gcs_azurecn@sap.com
[2026-06-30 14:57:52] [VERIFY]     - scao@dennemeyer.com
[2026-06-30 14:57:52] [VERIFY]     - sdaphne@ford.com
[2026-06-30 14:57:52] [VERIFY]     - sean.qiu@visiongroupretail.com
[2026-06-30 14:57:52] [VERIFY]     - sean.stanfield@trelleborg.com
[2026-06-30 14:57:52] [VERIFY]     - sean.sun@wacom.com
[2026-06-30 14:57:52] [VERIFY]     - sean.zou@armchina.com
[2026-06-30 14:57:52] [VERIFY]     - sepulcher_liao@htc.com
[2026-06-30 14:57:52] [VERIFY]     - serena.yuq@live.com
[2026-06-30 14:57:52] [VERIFY]     - service@cxwow.net
[2026-06-30 14:57:52] [VERIFY]     - service@mygamez.com
[2026-06-30 14:57:52] [VERIFY]     - seven.yan@mobizone.cn
[2026-06-30 14:57:52] [VERIFY]     - sh_zjyu@c-denkei.cn
[2026-06-30 14:57:52] [VERIFY]     - shadow.zhang@afsi.com
[2026-06-30 14:57:52] [VERIFY]     - shan@zyis.com.cn
[2026-06-30 14:57:52] [VERIFY]     - shane.zhou@zurich.com.cn
[2026-06-30 14:57:52] [VERIFY]     - shaowei.lu@accelleron-industries.com
[2026-06-30 14:57:52] [VERIFY]     - shashank.sharma8@publicisresources.com
[2026-06-30 14:57:52] [VERIFY]     - shen.chao@envistaco.com
[2026-06-30 14:57:52] [VERIFY]     - shenchao.wang@nagase.cn
[2026-06-30 14:57:52] [VERIFY]     - shenfajin@cqc.com.cn
[2026-06-30 14:57:52] [VERIFY]     - shengkunyang@126.com
[2026-06-30 14:57:52] [VERIFY]     - shengming.lu@bshg.com
[2026-06-30 14:57:52] [VERIFY]     - sherriex@jingtengtech.com
[2026-06-30 14:57:52] [VERIFY]     - shihanb@merck.com
[2026-06-30 14:57:52] [VERIFY]     - shijunhua@51555155.cn
[2026-06-30 14:57:52] [VERIFY]     - shilei@weathercn.com
[2026-06-30 14:57:52] [VERIFY]     - shirong.liu@ebestmobile.com
[2026-06-30 14:57:53] [VERIFY]     - shiweiquan@ricard.cn
[2026-06-30 14:57:53] [VERIFY]     - shixiaobin-ghq@sinosig.com
[2026-06-30 14:57:53] [VERIFY]     - sho-azure@lafayette148.com
[2026-06-30 14:57:53] [VERIFY]     - shutao.yang@cfg-appo.com
[2026-06-30 14:57:53] [VERIFY]     - simenda.chen@alttechnologies.com
[2026-06-30 14:57:53] [VERIFY]     - simialee@gmail.com
[2026-06-30 14:57:53] [VERIFY]     - simon9k@gmail.com
[2026-06-30 14:57:53] [VERIFY]     - simone.santi@zegna.com
[2026-06-30 14:57:53] [VERIFY]     - simonho@eaton-samc.com
[2026-06-30 14:57:53] [VERIFY]     - sli@mcdermottwuchuan.com
[2026-06-30 14:57:53] [VERIFY]     - songhezeng@tpa.pacific-ind.com.cn
[2026-06-30 14:57:53] [VERIFY]     - sourav.das@publicisresources.com
[2026-06-30 14:57:53] [VERIFY]     - sqh@radnova.com
[2026-06-30 14:57:53] [VERIFY]     - sqsqsq@vip.qq.com
[2026-06-30 14:57:53] [VERIFY]     - stanley.hao@adenservices.com
[2026-06-30 14:57:53] [VERIFY]     - stephenxu@costacoffee.com
[2026-06-30 14:57:53] [VERIFY]     - steven.chen@shaphar.com
[2026-06-30 14:57:53] [VERIFY]     - steven.dai@jci.com
[2026-06-30 14:57:53] [VERIFY]     - sue.han@comap-control.com
[2026-06-30 14:57:53] [VERIFY]     - sumit.raut@akzonobel.com
[2026-06-30 14:57:53] [VERIFY]     - summer.xia@linksinternational.com
[2026-06-30 14:57:53] [VERIFY]     - sun-t@dfl.com.cn
[2026-06-30 14:57:53] [VERIFY]     - sun.xiao5@oe.21vianet.com
[2026-06-30 14:57:53] [VERIFY]     - sunhaoran5@xiaomi.com
[2026-06-30 14:57:53] [VERIFY]     - sunny.sun@copeland.com
[2026-06-30 14:57:53] [VERIFY]     - sunny1229_1314@hotmail.com
[2026-06-30 14:57:53] [VERIFY]     - supporting3@10moons.com
[2026-06-30 14:57:53] [VERIFY]     - suxin@innostic.com
[2026-06-30 14:57:53] [VERIFY]     - sylgcn@163.com
[2026-06-30 14:57:53] [VERIFY]     - szhd@foss.dk
[2026-06-30 14:57:53] [VERIFY]     - taishuzhineng@outlook.com
[2026-06-30 14:57:53] [VERIFY]     - tang-y@aeonpeople.biz
[2026-06-30 14:57:53] [VERIFY]     - tao.jiang@nexttao.com
[2026-06-30 14:57:53] [VERIFY]     - tengfei@zjdycykj.com
[2026-06-30 14:57:53] [VERIFY]     - test12345@gmail.com
[2026-06-30 14:57:53] [VERIFY]     - test529@outlook.com
[2026-06-30 14:57:53] [VERIFY]     - test_test_aqr16_crs@outlook.com
[2026-06-30 14:57:53] [VERIFY]     - test_test_fqr1@outlook.com
[2026-06-30 14:57:53] [VERIFY]     - test_test_fqr3@outlook.com
[2026-06-30 14:57:53] [VERIFY]     - test_test_msra_credit@outlook.com
[2026-06-30 14:57:53] [VERIFY]     - test_test_msra_happy@outlook.com
[2026-06-30 14:57:53] [VERIFY]     - testaccount29may@test.com
[2026-06-30 14:57:53] [VERIFY]     - thomas.chen@zeiss.com
[2026-06-30 14:57:53] [VERIFY]     - thomas.wang@fmc-asia.com
[2026-06-30 14:57:53] [VERIFY]     - tianhq@tmci.com.cn
[2026-06-30 14:57:53] [VERIFY]     - tianqi.dong@michelin.com
[2026-06-30 14:57:53] [VERIFY]     - tiant@anchnet.com
[2026-06-30 14:57:53] [VERIFY]     - tianxh@jpgk.com.cn
[2026-06-30 14:57:53] [VERIFY]     - tifan@ifanr.com
[2026-06-30 14:57:53] [VERIFY]     - tinh@viessmann.com
[2026-06-30 14:57:53] [VERIFY]     - tmallcp@163.com
[2026-06-30 14:57:53] [VERIFY]     - tommy.xu@oxerra.com
[2026-06-30 14:57:53] [VERIFY]     - tongjianye@xiaomi.com
[2026-06-30 14:57:53] [VERIFY]     - tony.a.wang@ericsson.com
[2026-06-30 14:57:53] [VERIFY]     - tony.mao@komaxgroup.com
[2026-06-30 14:57:53] [VERIFY]     - tony_wang@skypine.com
[2026-06-30 14:57:53] [VERIFY]     - tthacker@mmm.com
[2026-06-30 14:57:53] [VERIFY]     - ttnewstart@163.com
[2026-06-30 14:57:54] [VERIFY]     - v-duji@microsoft.com
[2026-06-30 14:57:54] [VERIFY]     - v-frawon@microsoft.com
[2026-06-30 14:57:54] [VERIFY]     - v-nmajeti@microsoft.com
[2026-06-30 14:57:54] [VERIFY]     - v-pmanasani@microsoft.com
[2026-06-30 14:57:54] [VERIFY]     - v-psatheeshb@microsoft.com
[2026-06-30 14:57:54] [VERIFY]     - valuemar@163.com
[2026-06-30 14:57:54] [VERIFY]     - vangie.li@mmm.com
[2026-06-30 14:57:54] [VERIFY]     - vatsala.pandurangaiah@honeywell.com
[2026-06-30 14:57:54] [VERIFY]     - viathesky@outlook.com
[2026-06-30 14:57:54] [VERIFY]     - vinny.dai@culligan.com
[2026-06-30 14:57:54] [VERIFY]     - vivek.thiyagarajan@ramco.com
[2026-06-30 14:57:54] [VERIFY]     - vivian@mygamez.com
[2026-06-30 14:57:54] [VERIFY]     - wang.chengzhang@siemens-energy.com
[2026-06-30 14:57:54] [VERIFY]     - wang.jing9@oe.21vianet.com
[2026-06-30 14:57:54] [VERIFY]     - wang.junfeng@ndb.int
[2026-06-30 14:57:54] [VERIFY]     - wang.yao@cn.scor.com
[2026-06-30 14:57:54] [VERIFY]     - wang97322@foxmail.com
[2026-06-30 14:57:54] [VERIFY]     - wang_john@yahoo.com
[2026-06-30 14:57:54] [VERIFY]     - wangh@fltrp.com
[2026-06-30 14:57:54] [VERIFY]     - wangjiang@shanda.com
[2026-06-30 14:57:54] [VERIFY]     - wanglongguo@airdoc.com
[2026-06-30 14:57:54] [VERIFY]     - wangning38@lenovo.com
[2026-06-30 14:57:54] [VERIFY]     - wangx@zzxt.cn
[2026-06-30 14:57:54] [VERIFY]     - wangyongliang@szhpc.com.cn
[2026-06-30 14:57:54] [VERIFY]     - wangzq@esquel.com
[2026-06-30 14:57:54] [VERIFY]     - wanyan@b-en-g.cn
[2026-06-30 14:57:54] [VERIFY]     - wayne.shen@basf.com
[2026-06-30 14:57:54] [VERIFY]     - weijin.zhou@longnows.cn
[2026-06-30 14:57:54] [VERIFY]     - weixiong.dai@united-imaging.com
[2026-06-30 14:57:54] [VERIFY]     - wen-liang.zhu@wsa.com
[2026-06-30 14:57:54] [VERIFY]     - wencai.dong@hanshow.com
[2026-06-30 14:57:54] [VERIFY]     - wendy.fang@signify.com
[2026-06-30 14:57:54] [VERIFY]     - wendy.need@gm.com
[2026-06-30 14:57:54] [VERIFY]     - wendy.xuan@hacis.com
[2026-06-30 14:57:54] [VERIFY]     - wenetplus@outlook.com
[2026-06-30 14:57:54] [VERIFY]     - wenjie.wang@volvo.com
[2026-06-30 14:57:54] [VERIFY]     - wenjinhui1986@qq.com
[2026-06-30 14:57:54] [VERIFY]     - wenmiaozhang@xiaohongshu.com
[2026-06-30 14:57:54] [VERIFY]     - wenqing.ye@united-imaging.com
[2026-06-30 14:57:54] [VERIFY]     - wenxuan.huang@shiseido.cn
[2026-06-30 14:57:54] [VERIFY]     - wezhao@microsoft.com
[2026-06-30 14:57:54] [VERIFY]     - will.lin@unity.cn
[2026-06-30 14:57:54] [VERIFY]     - william@egiftfox.com
[2026-06-30 14:57:54] [VERIFY]     - william_du@trendmicro.com
[2026-06-30 14:57:54] [VERIFY]     - wilson.w@awsomtech.cn
[2026-06-30 14:57:54] [VERIFY]     - wthaw@its.jnj.com
[2026-06-30 14:57:54] [VERIFY]     - wuwj@esquel.com
[2026-06-30 14:57:54] [VERIFY]     - wuxueying@xiaomi.com
[2026-06-30 14:57:54] [VERIFY]     - www@god-king.cn
[2026-06-30 14:57:54] [VERIFY]     - wyl8309173@msn.com
[2026-06-30 14:57:54] [VERIFY]     - wzy@inkwire.cn
[2026-06-30 14:57:54] [VERIFY]     - xa_servicesupport@grapeseed.com
[2026-06-30 14:57:54] [VERIFY]     - xdeng@abeam.com
[2026-06-30 14:57:54] [VERIFY]     - xf7866@qq.com
[2026-06-30 14:57:54] [VERIFY]     - xfzhou@ftcsolar.com
[2026-06-30 14:57:55] [VERIFY]     - xiajingjian@sec.com.cn
[2026-06-30 14:57:55] [VERIFY]     - xiaobo.pan@volvocars.com
[2026-06-30 14:57:55] [VERIFY]     - xiaocakes@xiaocakes.partner.onmschina.cn
[2026-06-30 14:57:55] [VERIFY]     - xiaolong.she@nokia.com
[2026-06-30 14:57:55] [VERIFY]     - xiaowen@midea.com
[2026-06-30 14:57:55] [VERIFY]     - xiawei.gu@homag.com
[2026-06-30 14:57:55] [VERIFY]     - xiebinga@yonyou.com
[2026-06-30 14:57:55] [VERIFY]     - xiongyanfei@aisidi.com
[2026-06-30 14:57:55] [VERIFY]     - xiubin.wang@centific.com
[2026-06-30 14:57:55] [VERIFY]     - xu.jian@innomotics.com
[2026-06-30 14:57:55] [VERIFY]     - xuan.wu@cn.nestle.com
[2026-06-30 14:57:55] [VERIFY]     - xubin@zillionfortune.com
[2026-06-30 14:57:55] [VERIFY]     - xuebin.wang@horiba.com
[2026-06-30 14:57:55] [VERIFY]     - xuml@joinusad.cn
[2026-06-30 14:57:55] [VERIFY]     - xuzl@fadada.com
[2026-06-30 14:57:55] [VERIFY]     - xxbymglzy@mail.nfsq.com.cn
[2026-06-30 14:57:55] [VERIFY]     - xxyuze@live.com
[2026-06-30 14:57:55] [VERIFY]     - xzhao@denodo.com
[2026-06-30 14:57:55] [VERIFY]     - ya.gao@mihoyo.com
[2026-06-30 14:57:55] [VERIFY]     - yama.liu@cn.ey.com
[2026-06-30 14:57:55] [VERIFY]     - yan_li@sonix.com.cn
[2026-06-30 14:57:55] [VERIFY]     - yang.suyun@oe.21vianet.com
[2026-06-30 14:57:55] [VERIFY]     - yang.tian3@oe.21vianet.com
[2026-06-30 14:57:55] [VERIFY]     - yangfc1@lenovo.com
[2026-06-30 14:57:55] [VERIFY]     - yangweichen@shketai.com
[2026-06-30 14:57:55] [VERIFY]     - yangwenze@chaojueye.com
[2026-06-30 14:57:55] [VERIFY]     - yanlei@seewayai.com
[2026-06-30 14:57:55] [VERIFY]     - yaoh@by-health.com
[2026-06-30 14:57:55] [VERIFY]     - ybh@microblade.com.cn
[2026-06-30 14:57:55] [VERIFY]     - ychen@experbuy.cn
[2026-06-30 14:57:55] [VERIFY]     - ycui2@rich.com
[2026-06-30 14:57:55] [VERIFY]     - ye.xiong@britishcouncil.org.cn
[2026-06-30 14:57:55] [VERIFY]     - yepyao@gmail.com
[2026-06-30 14:57:55] [VERIFY]     - yilu.zhang@decathlon.com
[2026-06-30 14:57:55] [VERIFY]     - yimin.gong@santen.com
[2026-06-30 14:57:55] [VERIFY]     - yinqin.shen@trumpf.com
[2026-06-30 14:57:55] [VERIFY]     - yiwei.gong@dentons.cn
[2026-06-30 14:57:55] [VERIFY]     - yong.deng@havasww.com.cn
[2026-06-30 14:57:55] [VERIFY]     - yong.w@univers.com
[2026-06-30 14:57:55] [VERIFY]     - yong.yang@medalsoft.com
[2026-06-30 14:57:55] [VERIFY]     - yu.yulin@agilepoint.com
[2026-06-30 14:57:55] [VERIFY]     - yuan.shuang@oe.21vianet.com
[2026-06-30 14:57:55] [VERIFY]     - yuanhongliang@lingmou.ai
[2026-06-30 14:57:55] [VERIFY]     - yuanzheng@dfocuspace.com
[2026-06-30 14:57:55] [VERIFY]     - yuewei_lai@asiasymbol.com
[2026-06-30 14:57:55] [VERIFY]     - yugao@datamesh.com
[2026-06-30 14:57:55] [VERIFY]     - yuhong.lin@jll.com
[2026-06-30 14:57:55] [VERIFY]     - yunru.yang-adm@loreal.com
[2026-06-30 14:57:55] [VERIFY]     - yusk15@chinaunicom.cn
[2026-06-30 14:57:55] [VERIFY]     - yuwen@swirecocacola.com
[2026-06-30 14:57:55] [VERIFY]     - ywli@hillstonenet.com
[2026-06-30 14:57:55] [VERIFY]     - z101901@z101901.partner.onmschina.cn
[2026-06-30 14:57:55] [VERIFY]     - zax.chi@cn.ey.com
[2026-06-30 14:57:55] [VERIFY]     - zemingli@datamesh.com
[2026-06-30 14:57:55] [VERIFY]     - zeng.lidao@cnoocshell.com
[2026-06-30 14:57:55] [VERIFY]     - zengzhijian@skysweet.com.cn
[2026-06-30 14:57:55] [VERIFY]     - zhang.bing5@oe.21vianet.com
[2026-06-30 14:57:55] [VERIFY]     - zhang_yajun0102@wuxibiologics.com
[2026-06-30 14:57:55] [VERIFY]     - zhangchengzhi01@baidu.com
[2026-06-30 14:57:55] [VERIFY]     - zhangfan@bfda.cn
[2026-06-30 14:57:55] [VERIFY]     - zhangke3@yuexiuproperty.com
[2026-06-30 14:57:55] [VERIFY]     - zhangtao@sharewinfobi.onmicrosoft.com
[2026-06-30 14:57:55] [VERIFY]     - zhangwei15@lixiang.com
[2026-06-30 14:57:55] [VERIFY]     - zhangyao@sooxue.com
[2026-06-30 14:57:55] [VERIFY]     - zhangyi2@cmoc.com
[2026-06-30 14:57:55] [VERIFY]     - zhangyiran.01@bytedance.com
[2026-06-30 14:57:55] [VERIFY]     - zhanmeng.yang@taimei.com
[2026-06-30 14:57:55] [VERIFY]     - zhao.x.13@pg.com
[2026-06-30 14:57:55] [VERIFY]     - zhaojingyu@xiaomi.com
[2026-06-30 14:57:55] [VERIFY]     - zhaoql@10moons.com
[2026-06-30 14:57:55] [VERIFY]     - zhaoyi@navinfo.com
[2026-06-30 14:57:55] [VERIFY]     - zhengxc01@catl.com
[2026-06-30 14:57:55] [VERIFY]     - zhenyu.cai@luxshare-ict.com
[2026-06-30 14:57:55] [VERIFY]     - zhexin.sun@shiseido.cn
[2026-06-30 14:57:55] [VERIFY]     - zhicheng.wang@mt.com
[2026-06-30 14:57:56] [VERIFY]     - zhihong.han@pharmbrain.com
[2026-06-30 14:57:56] [VERIFY]     - zhiping.li@zonjli.com
[2026-06-30 14:57:56] [VERIFY]     - zhonghui@eastmoney.com
[2026-06-30 14:57:56] [VERIFY]     - zhouhongjian@hesaitech.com
[2026-06-30 14:57:56] [VERIFY]     - zhoujiejiao@pan-color.com
[2026-06-30 14:57:56] [VERIFY]     - zhouli@hotwater.com.cn
[2026-06-30 14:57:56] [VERIFY]     - zhouqi.zhang@shiseido.cn
[2026-06-30 14:57:56] [VERIFY]     - zhshang@tesla.com
[2026-06-30 14:57:56] [VERIFY]     - zhu_bin-zb@gientech.com
[2026-06-30 14:57:56] [VERIFY]     - zhue@eagleottawa.com
[2026-06-30 14:57:56] [VERIFY]     - zhujiechun@jahwa.com.cn
[2026-06-30 14:57:56] [VERIFY]     - zhuzhu.wang@wiseltd.cn
[2026-06-30 14:57:56] [VERIFY]     - zliwei@mobileiron.com
[2026-06-30 14:57:56] [VERIFY]     - zouzh@zzxt.cn
[2026-06-30 14:57:56] [VERIFY]     - zychang@hcmsps.com
[2026-06-30 14:57:56] [VERIFY]   RESULT: FAIL
[2026-06-30 14:57:56] [VERIFY] ===========================================================
