2026-07-21 13:51:46 [INFO] === Session Sync: 427ee330-934c-452d-8074-c45c34633f4a ===
2026-07-21 13:51:46 [INFO]   Started: 2026-07-16T10:08:38
2026-07-21 13:51:46 [INFO]   Ended:   2026-07-21 13:51:46
2026-07-21 13:51:47 [INFO]   Git changes: 442 total
2026-07-21 13:51:47 [INFO]     Skills:    11
2026-07-21 13:51:47 [INFO]     Memory:    0
2026-07-21 13:51:47 [INFO]     Other:     431
2026-07-21 13:51:47 [INFO]   Snapshot: 20260721_135146 (skills)
2026-07-21 14:37:47 [INFO] === Session Sync: 427ee330-934c-452d-8074-c45c34633f4a ===
2026-07-21 14:37:47 [INFO]   Started: 2026-07-16T10:08:38
2026-07-21 14:37:47 [INFO]   Ended:   2026-07-21 14:37:47
2026-07-21 14:37:47 [INFO]   Git changes: 454 total
2026-07-21 14:37:47 [INFO]     Skills:    22
2026-07-21 14:37:47 [INFO]     Memory:    0
2026-07-21 14:37:47 [INFO]     Other:     432
2026-07-21 14:37:47 [INFO]   Snapshot: 20260721_143747 (skills)
2026-07-21 17:32:21 [INFO] === Session Sync: 44275346-51f5-4d54-aed5-460f8d52e72d ===
2026-07-21 17:32:21 [INFO]   Started: 2026-07-21T09:18:47
2026-07-21 17:32:21 [INFO]   Ended:   2026-07-21 17:32:21
2026-07-21 17:32:21 [INFO]   Git changes: 481 total
2026-07-21 17:32:21 [INFO]     Skills:    42
2026-07-21 17:32:21 [INFO]     Memory:    0
2026-07-21 17:32:21 [INFO]     Other:     439
2026-07-21 17:32:21 [INFO]   Snapshot: 20260721_173221 (skills)
2026-07-21 17:37:57 [INFO] === Session Sync: 5756fc66-e3a6-48c1-be55-e8c63c3ec230 ===
2026-07-21 17:37:57 [INFO]   Started: 2026-07-21T07:08:04
2026-07-21 17:37:57 [INFO]   Ended:   2026-07-21 17:37:57
2026-07-21 17:37:57 [INFO]   Git changes: 522 total
2026-07-21 17:37:57 [INFO]     Skills:    82
2026-07-21 17:37:57 [INFO]     Memory:    0
2026-07-21 17:37:57 [INFO]     Other:     440
2026-07-21 17:38:05 [INFO] === Session Sync: 427ee330-934c-452d-8074-c45c34633f4a ===
2026-07-21 17:38:05 [INFO]   Started: 2026-07-16T10:08:38
2026-07-21 17:38:05 [INFO]   Ended:   2026-07-21 17:38:05
2026-07-21 17:38:05 [INFO] === Session Sync: d93e0ed2-68f1-4b4f-80a5-b9513143560c ===
2026-07-21 17:38:05 [INFO]   Started: unknown
2026-07-21 17:38:05 [INFO]   Ended:   2026-07-21 17:38:05
2026-07-21 17:38:05 [INFO]   Git changes: 597 total
2026-07-21 17:38:05 [INFO]     Skills:    156
2026-07-21 17:38:05 [INFO]     Memory:    0
2026-07-21 17:38:05 [INFO]     Other:     441
2026-07-21 17:38:05 [INFO]   Git changes: 597 total
2026-07-21 17:38:05 [INFO]     Skills:    156
2026-07-21 17:38:05 [INFO]     Memory:    0
2026-07-21 17:38:05 [INFO]     Other:     441
2026-07-22 14:00:05 [INFO] === Session Sync: 3e4dc776-8d12-44e2-aa10-566aa1a832ec ===
2026-07-22 14:00:05 [INFO]   Started: 2026-07-21T06:38:03
2026-07-22 14:00:05 [INFO]   Ended:   2026-07-22 14:00:05
2026-07-22 14:00:06 [INFO]   Git changes: 671 total
2026-07-22 14:00:06 [INFO]     Skills:    229
2026-07-22 14:00:06 [INFO]     Memory:    0
2026-07-22 14:00:06 [INFO]     Other:     442
2026-07-22 14:00:11 [INFO] === Session Sync: c995f95b-3724-4636-bf01-c230a49ed930 ===
2026-07-22 14:00:11 [INFO]   Started: 2026-07-21T09:38:58
2026-07-22 14:00:11 [INFO]   Ended:   2026-07-22 14:00:11
2026-07-22 14:00:11 [INFO]   Git changes: 747 total
2026-07-22 14:00:11 [INFO]     Skills:    304
2026-07-22 14:00:11 [INFO]     Memory:    0
2026-07-22 14:00:11 [INFO]     Other:     443
2026-07-22 14:04:57 [INFO] === Session Sync: 3d47421b-acb8-4caa-9299-84b27b473f72 ===
2026-07-22 14:04:57 [INFO]   Started: unknown
2026-07-22 14:04:57 [INFO]   Ended:   2026-07-22 14:04:57
2026-07-22 14:04:57 [INFO]   Git changes: 823 total
2026-07-22 14:04:57 [INFO]     Skills:    379
2026-07-22 14:04:57 [INFO]     Memory:    0
2026-07-22 14:04:57 [INFO]     Other:     444
2026-07-22 15:31:47 [INFO] === Session Sync: 611d87b6-9175-4d4e-8426-744b6262a8c8 ===
2026-07-22 15:31:47 [INFO]   Started: 2026-07-22T06:20:28
2026-07-22 15:31:47 [INFO]   Ended:   2026-07-22 15:31:47
2026-07-22 15:31:47 [INFO] === Session Sync: c995f95b-3724-4636-bf01-c230a49ed930 ===
2026-07-22 15:31:47 [INFO]   Started: 2026-07-21T09:38:58
2026-07-22 15:31:47 [INFO]   Ended:   2026-07-22 15:31:47
2026-07-22 15:31:47 [INFO] === Session Sync: 7dbfcf85-26a8-4017-bb19-da6fe599c6e7 ===
2026-07-22 15:31:47 [INFO]   Started: 2026-07-22T06:45:46
2026-07-22 15:31:47 [INFO]   Ended:   2026-07-22 15:31:47
2026-07-22 15:31:48 [INFO]   Git changes: 901 total
2026-07-22 15:31:48 [INFO]     Skills:    456
2026-07-22 15:31:48 [INFO]     Memory:    0
2026-07-22 15:31:48 [INFO]     Other:     445
2026-07-22 15:31:48 [INFO]   Git changes: 901 total
2026-07-22 15:31:48 [INFO]     Skills:    456
2026-07-22 15:31:48 [INFO]     Memory:    0
2026-07-22 15:31:48 [INFO]     Other:     445
2026-07-22 15:31:48 [INFO]   Git changes: 901 total
2026-07-22 15:31:48 [INFO]     Skills:    456
2026-07-22 15:31:48 [INFO]     Memory:    0
2026-07-22 15:31:48 [INFO]     Other:     445
2026-07-22 15:33:19 [INFO] === Session Sync: 35aa752e-28fd-47fe-a458-2b82e1398a5d ===
2026-07-22 15:33:19 [INFO]   Started: unknown
2026-07-22 15:33:19 [INFO]   Ended:   2026-07-22 15:33:19
2026-07-22 15:33:20 [INFO]   Git changes: 979 total
2026-07-22 15:33:20 [INFO]     Skills:    533
2026-07-22 15:33:20 [INFO]     Memory:    0
2026-07-22 15:33:20 [INFO]     Other:     446
2026-07-22 15:37:21 [INFO] === Session Sync: f8e9ab40-3572-472c-a53e-c36bab49d119 ===
2026-07-22 15:37:21 [INFO]   Started: 2026-07-22T07:34:44
2026-07-22 15:37:21 [INFO]   Ended:   2026-07-22 15:37:21
2026-07-22 15:37:22 [INFO] === Session Sync: a2a720b0-bfd0-4776-b949-b85ca7db37fe ===
2026-07-22 15:37:22 [INFO]   Started: 2026-07-22T07:35:36
2026-07-22 15:37:22 [INFO]   Ended:   2026-07-22 15:37:22
2026-07-22 15:37:22 [INFO] === Session Sync: 59c49ea6-c5c6-4397-9784-ffa46254dde8 ===
2026-07-22 15:37:22 [INFO]   Started: 2026-07-22T07:37:00
2026-07-22 15:37:22 [INFO]   Ended:   2026-07-22 15:37:22
2026-07-22 15:37:22 [INFO] === Session Sync: 611d87b6-9175-4d4e-8426-744b6262a8c8 ===
2026-07-22 15:37:22 [INFO]   Started: 2026-07-22T06:20:28
2026-07-22 15:37:22 [INFO]   Ended:   2026-07-22 15:37:22
2026-07-22 15:37:22 [INFO]   Git changes: 1057 total
2026-07-22 15:37:22 [INFO]     Skills:    610
2026-07-22 15:37:22 [INFO]     Memory:    0
2026-07-22 15:37:22 [INFO]     Other:     447
2026-07-22 15:37:22 [INFO]   Git changes: 1057 total
2026-07-22 15:37:22 [INFO]     Skills:    610
2026-07-22 15:37:22 [INFO]     Memory:    0
2026-07-22 15:37:22 [INFO]     Other:     447
2026-07-22 15:37:23 [INFO]   Git changes: 1057 total
2026-07-22 15:37:23 [INFO]     Skills:    610
2026-07-22 15:37:23 [INFO]     Memory:    0
2026-07-22 15:37:23 [INFO]     Other:     447
2026-07-22 15:37:23 [INFO]   Git changes: 1135 total
2026-07-22 15:37:23 [INFO]     Skills:    687
2026-07-22 15:37:23 [INFO]     Memory:    0
2026-07-22 15:37:23 [INFO]     Other:     448
2026-07-22 15:38:36 [INFO] === Session Sync: fcef8d1b-793c-450d-8c4d-3fefadd4c078 ===
2026-07-22 15:38:36 [INFO]   Started: unknown
2026-07-22 15:38:36 [INFO]   Ended:   2026-07-22 15:38:36
2026-07-22 15:38:37 [INFO]   Git changes: 1213 total
2026-07-22 15:38:37 [INFO]     Skills:    764
2026-07-22 15:38:37 [INFO]     Memory:    0
2026-07-22 15:38:37 [INFO]     Other:     449
2026-07-22 15:38:37 [INFO] === Session Sync: 26affad8-c7d7-49b1-a895-e02e014aa110 ===
2026-07-22 15:38:37 [INFO]   Started: unknown
2026-07-22 15:38:37 [INFO]   Ended:   2026-07-22 15:38:37
2026-07-22 15:38:38 [INFO]   Git changes: 1291 total
2026-07-22 15:38:38 [INFO]     Skills:    841
2026-07-22 15:38:38 [INFO]     Memory:    0
2026-07-22 15:38:38 [INFO]     Other:     450
2026-07-22 15:39:27 [INFO] === Session Sync: 71c0d7cf-0f32-4744-a59e-ef9b1f913459 ===
2026-07-22 15:39:27 [INFO]   Started: unknown
2026-07-22 15:39:27 [INFO]   Ended:   2026-07-22 15:39:27
2026-07-22 15:39:28 [INFO]   Git changes: 1369 total
2026-07-22 15:39:28 [INFO]     Skills:    918
2026-07-22 15:39:28 [INFO]     Memory:    0
2026-07-22 15:39:28 [INFO]     Other:     451
2026-07-22 15:41:17 [INFO] === Session Sync: 611d87b6-9175-4d4e-8426-744b6262a8c8 ===
2026-07-22 15:41:17 [INFO]   Started: 2026-07-22T06:20:28
2026-07-22 15:41:17 [INFO]   Ended:   2026-07-22 15:41:17
2026-07-22 15:41:17 [INFO] === Session Sync: c995f95b-3724-4636-bf01-c230a49ed930 ===
2026-07-22 15:41:17 [INFO]   Started: 2026-07-21T09:38:58
2026-07-22 15:41:17 [INFO]   Ended:   2026-07-22 15:41:17
2026-07-22 15:41:18 [INFO]   Git changes: 1447 total
2026-07-22 15:41:18 [INFO]     Skills:    995
2026-07-22 15:41:18 [INFO]     Memory:    0
2026-07-22 15:41:18 [INFO]     Other:     452
2026-07-22 15:41:18 [INFO]   Git changes: 1447 total
2026-07-22 15:41:18 [INFO]     Skills:    995
2026-07-22 15:41:18 [INFO]     Memory:    0
2026-07-22 15:41:18 [INFO]     Other:     452
2026-07-22 15:42:32 [INFO] === Session Sync: 12bc09df-655b-4c30-b208-860f93dc3491 ===
2026-07-22 15:42:32 [INFO]   Started: unknown
2026-07-22 15:42:32 [INFO]   Ended:   2026-07-22 15:42:32
2026-07-22 15:42:33 [INFO]   Git changes: 1526 total
2026-07-22 15:42:33 [INFO]     Skills:    1073
2026-07-22 15:42:33 [INFO]     Memory:    0
2026-07-22 15:42:33 [INFO]     Other:     453
2026-07-22 15:43:09 [INFO] === Session Sync: 611d87b6-9175-4d4e-8426-744b6262a8c8 ===
2026-07-22 15:43:09 [INFO]   Started: 2026-07-22T06:20:28
2026-07-22 15:43:09 [INFO]   Ended:   2026-07-22 15:43:09
2026-07-22 15:43:10 [INFO]   Git changes: 1605 total
2026-07-22 15:43:10 [INFO]     Skills:    1151
2026-07-22 15:43:10 [INFO]     Memory:    0
2026-07-22 15:43:10 [INFO]     Other:     454
2026-07-22 15:44:22 [INFO] === Session Sync: c366ca3a-a5a1-4d87-8af7-039e79b3c9ca ===
2026-07-22 15:44:22 [INFO]   Started: unknown
2026-07-22 15:44:22 [INFO]   Ended:   2026-07-22 15:44:22
2026-07-22 15:44:23 [INFO]   Git changes: 1684 total
2026-07-22 15:44:23 [INFO]     Skills:    1229
2026-07-22 15:44:23 [INFO]     Memory:    0
2026-07-22 15:44:23 [INFO]     Other:     455
2026-07-22 15:45:46 [INFO] === Session Sync: 611d87b6-9175-4d4e-8426-744b6262a8c8 ===
2026-07-22 15:45:46 [INFO]   Started: 2026-07-22T06:20:28
2026-07-22 15:45:46 [INFO]   Ended:   2026-07-22 15:45:46
2026-07-22 15:45:47 [INFO]   Git changes: 1763 total
2026-07-22 15:45:47 [INFO]     Skills:    1307
2026-07-22 15:45:47 [INFO]     Memory:    0
2026-07-22 15:45:47 [INFO]     Other:     456
2026-07-22 15:46:42 [INFO] === Session Sync: 60497644-bb96-4176-bf14-189e6de6efc3 ===
2026-07-22 15:46:42 [INFO]   Started: unknown
2026-07-22 15:46:42 [INFO]   Ended:   2026-07-22 15:46:42
2026-07-22 15:46:43 [INFO]   Git changes: 1842 total
2026-07-22 15:46:43 [INFO]     Skills:    1385
2026-07-22 15:46:43 [INFO]     Memory:    0
2026-07-22 15:46:43 [INFO]     Other:     457
2026-07-22 15:48:02 [INFO] === Session Sync: 611d87b6-9175-4d4e-8426-744b6262a8c8 ===
2026-07-22 15:48:02 [INFO]   Started: 2026-07-22T06:20:28
2026-07-22 15:48:02 [INFO]   Ended:   2026-07-22 15:48:02
2026-07-22 15:48:03 [INFO]   Git changes: 1921 total
2026-07-22 15:48:03 [INFO]     Skills:    1463
2026-07-22 15:48:03 [INFO]     Memory:    0
2026-07-22 15:48:03 [INFO]     Other:     458
2026-07-22 15:48:49 [INFO] === Session Sync: d4ac71b4-f197-4d6f-8000-c1ec7b4de110 ===
2026-07-22 15:48:49 [INFO]   Started: unknown
2026-07-22 15:48:49 [INFO]   Ended:   2026-07-22 15:48:49
2026-07-22 15:48:50 [INFO]   Git changes: 2000 total
2026-07-22 15:48:50 [INFO]     Skills:    1541
2026-07-22 15:48:50 [INFO]     Memory:    0
2026-07-22 15:48:50 [INFO]     Other:     459
2026-07-22 15:50:38 [INFO] === Session Sync: a6ac10ef-ef05-41b2-bb94-d0a62896207b ===
2026-07-22 15:50:38 [INFO]   Started: unknown
2026-07-22 15:50:38 [INFO]   Ended:   2026-07-22 15:50:38
2026-07-22 15:50:40 [INFO]   Git changes: 2079 total
2026-07-22 15:50:40 [INFO]     Skills:    1619
2026-07-22 15:50:40 [INFO]     Memory:    0
2026-07-22 15:50:40 [INFO]     Other:     460
2026-07-22 15:51:04 [INFO] === Session Sync: e39f287b-e486-4a74-83cc-c624f5f9b316 ===
2026-07-22 15:51:04 [INFO]   Started: unknown
2026-07-22 15:51:04 [INFO]   Ended:   2026-07-22 15:51:04
2026-07-22 15:51:05 [INFO]   Git changes: 2158 total
2026-07-22 15:51:05 [INFO]     Skills:    1697
2026-07-22 15:51:05 [INFO]     Memory:    0
2026-07-22 15:51:05 [INFO]     Other:     461
2026-07-22 15:53:53 [INFO] === Session Sync: 3e4dc776-8d12-44e2-aa10-566aa1a832ec ===
2026-07-22 15:53:53 [INFO]   Started: 2026-07-21T06:38:03
2026-07-22 15:53:53 [INFO]   Ended:   2026-07-22 15:53:53
2026-07-22 15:53:53 [INFO] === Session Sync: 611d87b6-9175-4d4e-8426-744b6262a8c8 ===
2026-07-22 15:53:53 [INFO]   Started: 2026-07-22T06:20:28
2026-07-22 15:53:53 [INFO]   Ended:   2026-07-22 15:53:53
2026-07-22 15:53:53 [INFO] === Session Sync: c995f95b-3724-4636-bf01-c230a49ed930 ===
2026-07-22 15:53:53 [INFO]   Started: 2026-07-21T09:38:58
2026-07-22 15:53:53 [INFO]   Ended:   2026-07-22 15:53:53
2026-07-22 15:53:54 [INFO]   Git changes: 2237 total
2026-07-22 15:53:54 [INFO]     Skills:    1775
2026-07-22 15:53:54 [INFO]     Memory:    0
2026-07-22 15:53:54 [INFO]     Other:     462
2026-07-22 15:53:54 [INFO]   Git changes: 2237 total
2026-07-22 15:53:54 [INFO]     Skills:    1775
2026-07-22 15:53:54 [INFO]     Memory:    0
2026-07-22 15:53:54 [INFO]     Other:     462
2026-07-22 15:53:54 [INFO]   Git changes: 2237 total
2026-07-22 15:53:54 [INFO]     Skills:    1775
2026-07-22 15:53:54 [INFO]     Memory:    0
2026-07-22 15:53:54 [INFO]     Other:     462
2026-07-22 15:54:38 [INFO] === Session Sync: c81ae6bb-c73b-41e8-b164-7f3a57107cf4 ===
2026-07-22 15:54:38 [INFO]   Started: unknown
2026-07-22 15:54:38 [INFO]   Ended:   2026-07-22 15:54:38
2026-07-22 15:54:39 [INFO]   Git changes: 2316 total
2026-07-22 15:54:39 [INFO]     Skills:    1853
2026-07-22 15:54:39 [INFO]     Memory:    0
2026-07-22 15:54:39 [INFO]     Other:     463
2026-07-22 15:57:37 [INFO] === Session Sync: fd9afc47-0a1e-47fc-a2cf-d3c51c08c9a4 ===
2026-07-22 15:57:37 [INFO]   Started: unknown
2026-07-22 15:57:37 [INFO]   Ended:   2026-07-22 15:57:37
2026-07-22 15:57:38 [INFO]   Git changes: 2395 total
2026-07-22 15:57:38 [INFO]     Skills:    1931
2026-07-22 15:57:38 [INFO]     Memory:    0
2026-07-22 15:57:38 [INFO]     Other:     464
2026-07-22 15:59:36 [INFO] === Session Sync: 0e68df50-de41-441e-bc1f-97dd5c15ce0c ===
2026-07-22 15:59:36 [INFO]   Started: unknown
2026-07-22 15:59:36 [INFO]   Ended:   2026-07-22 15:59:36
2026-07-22 15:59:36 [INFO] === Session Sync: 611d87b6-9175-4d4e-8426-744b6262a8c8 ===
2026-07-22 15:59:36 [INFO]   Started: 2026-07-22T06:20:28
2026-07-22 15:59:36 [INFO]   Ended:   2026-07-22 15:59:36
2026-07-22 15:59:37 [INFO]   Git changes: 2474 total
2026-07-22 15:59:37 [INFO]     Skills:    2009
2026-07-22 15:59:37 [INFO]     Memory:    0
2026-07-22 15:59:37 [INFO]     Other:     465
2026-07-22 15:59:37 [INFO]   Git changes: 2474 total
2026-07-22 15:59:37 [INFO]     Skills:    2009
2026-07-22 15:59:37 [INFO]     Memory:    0
2026-07-22 15:59:37 [INFO]     Other:     465
2026-07-22 16:00:24 [INFO] === Session Sync: a305c8d5-432f-404c-ae78-8dcf45de3c5d ===
2026-07-22 16:00:25 [INFO]   Started: unknown
2026-07-22 16:00:25 [INFO]   Ended:   2026-07-22 16:00:24
2026-07-22 16:00:26 [INFO]   Git changes: 2553 total
2026-07-22 16:00:26 [INFO]     Skills:    2087
2026-07-22 16:00:26 [INFO]     Memory:    0
2026-07-22 16:00:26 [INFO]     Other:     466
2026-07-22 16:13:27 [INFO] === Session Sync: e4363228-2797-40c2-908c-504b99c2fa80 ===
2026-07-22 16:13:27 [INFO]   Started: unknown
2026-07-22 16:13:27 [INFO]   Ended:   2026-07-22 16:13:27
2026-07-22 16:13:27 [INFO] === Session Sync: 611d87b6-9175-4d4e-8426-744b6262a8c8 ===
2026-07-22 16:13:27 [INFO]   Started: 2026-07-22T06:20:28
2026-07-22 16:13:27 [INFO]   Ended:   2026-07-22 16:13:27
2026-07-22 16:13:27 [INFO] === Session Sync: 8eb5dce6-fff1-432e-8f2e-b9a9bcbeb5b0 ===
2026-07-22 16:13:27 [INFO]   Started: 2026-07-22T08:01:08
2026-07-22 16:13:27 [INFO]   Ended:   2026-07-22 16:13:27
2026-07-22 16:13:28 [INFO]   Git changes: 2629 total
2026-07-22 16:13:28 [INFO]     Skills:    2163
2026-07-22 16:13:28 [INFO]     Memory:    0
2026-07-22 16:13:28 [INFO]     Other:     466
2026-07-22 16:13:28 [INFO]   Git changes: 2629 total
2026-07-22 16:13:28 [INFO]     Skills:    2163
2026-07-22 16:13:28 [INFO]     Memory:    0
2026-07-22 16:13:28 [INFO]     Other:     466
2026-07-22 16:13:28 [INFO]   Git changes: 2629 total
2026-07-22 16:13:28 [INFO]     Skills:    2163
2026-07-22 16:13:28 [INFO]     Memory:    0
2026-07-22 16:13:28 [INFO]     Other:     466
2026-07-22 16:15:15 [INFO] === Session Sync: 5f68fef9-3732-4d36-b9e0-a077ec9b63b0 ===
2026-07-22 16:15:15 [INFO]   Started: unknown
2026-07-22 16:15:15 [INFO]   Ended:   2026-07-22 16:15:15
2026-07-22 16:15:16 [INFO]   Git changes: 2706 total
2026-07-22 16:15:16 [INFO]     Skills:    2239
2026-07-22 16:15:16 [INFO]     Memory:    0
2026-07-22 16:15:16 [INFO]     Other:     467
2026-07-22 17:46:34 [INFO] === Session Sync: d7eac57e-dbab-4585-b975-95430e280876 ===
2026-07-22 17:46:34 [INFO]   Started: unknown
2026-07-22 17:46:34 [INFO]   Ended:   2026-07-22 17:46:34
2026-07-22 17:46:35 [INFO]   Git changes: 2813 total
2026-07-22 17:46:35 [INFO]     Skills:    2317
2026-07-22 17:46:35 [INFO]     Memory:    0
2026-07-22 17:46:35 [INFO]     Other:     496
2026-07-22 17:57:27 [INFO] === Session Sync: f1baa7fb-0d2a-43a0-8412-2945888850b8 ===
2026-07-22 17:57:27 [INFO]   Started: 2026-07-22T08:15:56
2026-07-22 17:57:27 [INFO]   Ended:   2026-07-22 17:57:27
2026-07-22 17:57:27 [INFO] === Session Sync: 611d87b6-9175-4d4e-8426-744b6262a8c8 ===
2026-07-22 17:57:27 [INFO]   Started: 2026-07-22T06:20:28
2026-07-22 17:57:27 [INFO]   Ended:   2026-07-22 17:57:27
2026-07-22 17:57:29 [INFO]   Git changes: 2876 total
2026-07-22 17:57:29 [INFO]     Skills:    2394
2026-07-22 17:57:29 [INFO]     Memory:    0
2026-07-22 17:57:29 [INFO]     Other:     482
2026-07-22 17:57:29 [INFO]   Git changes: 2876 total
2026-07-22 17:57:29 [INFO]     Skills:    2394
2026-07-22 17:57:29 [INFO]     Memory:    0
2026-07-22 17:57:29 [INFO]     Other:     482
2026-07-23 10:19:54 [INFO] === Session Sync: a5e4e17d-f828-4cc6-b63d-00d39ba44996 ===
2026-07-23 10:19:54 [INFO]   Started: unknown
2026-07-23 10:19:54 [INFO]   Ended:   2026-07-23 10:19:54
2026-07-23 10:19:56 [INFO]   Git changes: 2954 total
2026-07-23 10:19:56 [INFO]     Skills:    2471
2026-07-23 10:19:56 [INFO]     Memory:    0
2026-07-23 10:19:56 [INFO]     Other:     483
2026-07-23 10:41:26 [INFO] === Session Sync: 31c4520f-3b22-4e7c-be30-043d2685dda9 ===
2026-07-23 10:41:26 [INFO]   Started: unknown
2026-07-23 10:41:26 [INFO]   Ended:   2026-07-23 10:41:26
2026-07-23 10:41:27 [INFO]   Git changes: 3032 total
2026-07-23 10:41:27 [INFO]     Skills:    2548
2026-07-23 10:41:27 [INFO]     Memory:    0
2026-07-23 10:41:27 [INFO]     Other:     484
2026-07-23 15:15:25 [INFO] === Session Sync: 6a9befe3-23fd-4f1e-b92a-5af9a89ac853 ===
2026-07-23 15:15:25 [INFO]   Started: unknown
2026-07-23 15:15:25 [INFO]   Ended:   2026-07-23 15:15:25
2026-07-23 15:15:27 [INFO]   Git changes: 3126 total
2026-07-23 15:15:27 [INFO]     Skills:    2625
2026-07-23 15:15:27 [INFO]     Memory:    0
2026-07-23 15:15:27 [INFO]     Other:     501
2026-07-23 15:29:14 [INFO] === Session Sync: f1baa7fb-0d2a-43a0-8412-2945888850b8 ===
2026-07-23 15:29:14 [INFO]   Started: 2026-07-22T08:15:56
2026-07-23 15:29:14 [INFO]   Ended:   2026-07-23 15:29:14
2026-07-23 15:29:16 [INFO]   Git changes: 3204 total
2026-07-23 15:29:16 [INFO]     Skills:    2702
2026-07-23 15:29:16 [INFO]     Memory:    0
2026-07-23 15:29:16 [INFO]     Other:     502
2026-07-23 17:01:16 [INFO] === Session Sync: e4a0df62-3831-400c-953e-2d66524b429c ===
2026-07-23 17:01:16 [INFO]   Started: 2026-07-23T09:00:14
2026-07-23 17:01:16 [INFO]   Ended:   2026-07-23 17:01:16
2026-07-23 17:01:19 [INFO]   Git changes: 3284 total
2026-07-23 17:01:19 [INFO]     Skills:    2779
2026-07-23 17:01:19 [INFO]     Memory:    0
2026-07-23 17:01:19 [INFO]     Other:     505
2026-07-24 14:18:23 [INFO] === Session Sync: 8eb5dce6-fff1-432e-8f2e-b9a9bcbeb5b0 ===
2026-07-24 14:18:23 [INFO]   Started: 2026-07-22T08:01:08
2026-07-24 14:18:23 [INFO]   Ended:   2026-07-24 14:18:23
2026-07-24 14:18:25 [INFO]   Git changes: 3361 total
2026-07-24 14:18:25 [INFO]     Skills:    2857
2026-07-24 14:18:25 [INFO]     Memory:    0
2026-07-24 14:18:25 [INFO]     Other:     504
2026-07-24 16:01:16 [INFO] === Session Sync: e574000c-946a-4792-b69a-aae9f978a306 ===
2026-07-24 16:01:16 [INFO]   Started: 2026-07-23T06:20:53
2026-07-24 16:01:16 [INFO]   Ended:   2026-07-24 16:01:16
2026-07-24 16:01:18 [INFO]   Git changes: 3440 total
2026-07-24 16:01:18 [INFO]     Skills:    2935
2026-07-24 16:01:18 [INFO]     Memory:    0
2026-07-24 16:01:18 [INFO]     Other:     505
2026-07-24 17:57:17 [INFO] === Session Sync: c9006691-85f6-42f1-b3d0-675a1b7ac658 ===
2026-07-24 17:57:17 [INFO]   Started: 2026-07-23T09:01:28
2026-07-24 17:57:17 [INFO]   Ended:   2026-07-24 17:57:17
2026-07-24 17:57:19 [INFO]   Git changes: 3523 total
2026-07-24 17:57:19 [INFO]     Skills:    3015
2026-07-24 17:57:19 [INFO]     Memory:    0
2026-07-24 17:57:19 [INFO]     Other:     508
2026-07-27 10:07:40 [INFO] === Session Sync: 501d3e14-5eeb-4c1f-a7c7-b1362fa462b6 ===
2026-07-27 10:07:40 [INFO]   Started: unknown
2026-07-27 10:07:40 [INFO]   Ended:   2026-07-27 10:07:40
2026-07-27 10:07:44 [INFO]   Git changes: 3604 total
2026-07-27 10:07:44 [INFO]     Skills:    3095
2026-07-27 10:07:44 [INFO]     Memory:    0
2026-07-27 10:07:44 [INFO]     Other:     509
2026-07-28 13:37:11 [INFO] === Session Sync: 5fd58856-60ee-479e-832e-0829112fa295 ===
2026-07-28 13:37:11 [INFO]   Started: 2026-07-28T01:46:11
2026-07-28 13:37:11 [INFO]   Ended:   2026-07-28 13:37:11
2026-07-28 13:37:12 [INFO]   Git changes: 33 total
2026-07-28 13:37:12 [INFO]     Skills:    0
2026-07-28 13:37:12 [INFO]     Memory:    0
2026-07-28 13:37:12 [INFO]     Other:     33
2026-07-28 13:37:12 [INFO]   No skill/memory changes detected — snapshot skipped
2026-07-28 17:46:19 [INFO] === Session Sync: b5afff40-8192-493e-99f9-787af6118f60 ===
2026-07-28 17:46:19 [INFO]   Started: 2026-07-28T07:05:14
2026-07-28 17:46:19 [INFO]   Ended:   2026-07-28 17:46:19
2026-07-28 17:46:19 [INFO] === Session Sync: f5b09f64-53be-4d3e-bb4c-2d6bbe9cecca ===
2026-07-28 17:46:19 [INFO]   Started: 2026-07-27T06:52:09
2026-07-28 17:46:19 [INFO]   Ended:   2026-07-28 17:46:19
2026-07-28 17:46:20 [INFO]   Git changes: 36 total
2026-07-28 17:46:20 [INFO]     Skills:    0
2026-07-28 17:46:20 [INFO]     Memory:    0
2026-07-28 17:46:20 [INFO]     Other:     36
2026-07-28 17:46:20 [INFO]   No skill/memory changes detected — snapshot skipped
2026-07-28 17:46:20 [INFO]   Git changes: 36 total
2026-07-28 17:46:20 [INFO]     Skills:    0
2026-07-28 17:46:20 [INFO]     Memory:    0
2026-07-28 17:46:20 [INFO]     Other:     36
2026-07-28 17:46:20 [INFO]   No skill/memory changes detected — snapshot skipped
2026-07-28 17:46:33 [INFO] === Session Sync: 4e0cf9a8-a391-45ed-8a31-9dba292778ea ===
2026-07-28 17:46:33 [INFO]   Started: 2026-07-27T08:26:09
2026-07-28 17:46:33 [INFO]   Ended:   2026-07-28 17:46:33
2026-07-28 17:46:35 [INFO]   Git changes: 36 total
2026-07-28 17:46:35 [INFO]     Skills:    0
2026-07-28 17:46:35 [INFO]     Memory:    0
2026-07-28 17:46:35 [INFO]     Other:     36
2026-07-28 17:46:35 [INFO]   No skill/memory changes detected — snapshot skipped
2026-07-29 09:53:43 [INFO] === Session Sync: 71aedd9f-56dc-45f4-a4db-bd2ac58b9f26 ===
2026-07-29 09:53:44 [INFO]   Started: 2026-07-27T10:02:17
2026-07-29 09:53:44 [INFO]   Ended:   2026-07-29 09:53:43
2026-07-29 09:53:44 [INFO]   Git changes: 36 total
2026-07-29 09:53:44 [INFO]     Skills:    0
2026-07-29 09:53:44 [INFO]     Memory:    0
2026-07-29 09:53:44 [INFO]     Other:     36
2026-07-29 09:53:44 [INFO]   No skill/memory changes detected — snapshot skipped
2026-07-29 12:39:37 [INFO] === Session Sync: 6a4d3df5-91be-46b8-95b8-e3c6339d8dae ===
2026-07-29 12:39:37 [INFO]   Started: 2026-07-29T01:59:26
2026-07-29 12:39:37 [INFO]   Ended:   2026-07-29 12:39:37
2026-07-29 12:39:40 [INFO]   Git changes: 74 total
2026-07-29 12:39:40 [INFO]     Skills:    2
2026-07-29 12:39:40 [INFO]     Memory:    0
2026-07-29 12:39:40 [INFO]     Other:     72
2026-07-29 12:39:40 [INFO]   Snapshot: 20260729_123937 (skills)
2026-07-29 12:39:42 [INFO] === Session Sync: c9006691-85f6-42f1-b3d0-675a1b7ac658 ===
2026-07-29 12:39:42 [INFO]   Started: 2026-07-23T09:01:28
2026-07-29 12:39:42 [INFO]   Ended:   2026-07-29 12:39:42
2026-07-29 12:39:42 [INFO] === Session Sync: 59838b4b-ad61-40fd-bc5d-09d431246d4d ===
2026-07-29 12:39:42 [INFO]   Started: 2026-07-29T03:05:33
2026-07-29 12:39:42 [INFO]   Ended:   2026-07-29 12:39:42
2026-07-29 12:39:45 [INFO]   Git changes: 724 total
2026-07-29 12:39:45 [INFO]     Skills:    624
2026-07-29 12:39:45 [INFO]     Memory:    0
2026-07-29 12:39:45 [INFO]     Other:     81
2026-07-29 12:39:45 [INFO]     Skills:    643
2026-07-29 12:39:45 [INFO]     Memory:    0
2026-07-29 12:39:45 [INFO]     Other:     81
2026-07-29 12:39:46 [INFO]   Snapshot: 20260729_123942 (skills)
2026-07-29 12:39:46 [INFO]   Snapshot: 20260729_123942 (skills)
2026-07-29 12:39:47 [INFO] === Session Sync: 7815059c-01e8-471f-9655-bb14d273ebe7 ===
2026-07-29 12:39:47 [INFO]   Started: 2026-07-29T03:27:25
2026-07-29 12:39:47 [INFO]   Ended:   2026-07-29 12:39:47
2026-07-29 12:39:49 [INFO]   Git changes: 1306 total
2026-07-29 12:39:49 [INFO]     Skills:    1217
2026-07-29 12:39:49 [INFO]     Memory:    0
2026-07-29 12:39:49 [INFO]     Other:     89
2026-07-29 12:39:49 [INFO]   Snapshot: 20260729_123947 (skills)
2026-07-29 14:30:38 [INFO] === Session Sync: 48f554ea-054c-40b1-9ac0-db33235c10f1 ===
2026-07-29 14:30:38 [INFO]   Started: 2026-07-29T04:36:07
2026-07-29 14:30:38 [INFO]   Ended:   2026-07-29 14:30:38
2026-07-29 14:30:38 [INFO]   Git changes: 2 total
2026-07-29 14:30:38 [INFO]     Skills:    1
2026-07-29 14:30:38 [INFO]     Memory:    0
2026-07-29 14:30:38 [INFO]     Other:     1
2026-07-29 14:30:38 [INFO]   Snapshot: 20260729_143038 (skills)
2026-07-29 14:30:40 [INFO] === Session Sync: bf7fcb37-d5c9-4de6-a3ef-616b3adcd8c5 ===
2026-07-29 14:30:40 [INFO]   Started: 2026-07-29T04:53:09
2026-07-29 14:30:40 [INFO]   Ended:   2026-07-29 14:30:40
2026-07-29 14:30:41 [INFO]   Git changes: 83 total
2026-07-29 14:30:41 [INFO]     Skills:    79
2026-07-29 14:30:41 [INFO]     Memory:    0
2026-07-29 14:30:41 [INFO]     Other:     4
2026-07-29 14:30:42 [INFO]   Snapshot: 20260729_143040 (skills)
2026-07-29 16:10:11 [INFO] === Session Sync: 3661420d-6c70-46f1-b4d1-5211d9c90d1e ===
2026-07-29 16:10:11 [INFO]   Started: 2026-07-29T05:40:28
2026-07-29 16:10:11 [INFO]   Ended:   2026-07-29 16:10:11
2026-07-29 16:10:11 [INFO]   Git changes: 183 total
2026-07-29 16:10:11 [INFO]     Skills:    158
2026-07-29 16:10:11 [INFO]     Memory:    0
2026-07-29 16:10:11 [INFO]     Other:     25
2026-07-29 16:10:12 [INFO]   Snapshot: 20260729_161011 (skills)
2026-07-29 18:00:58 [INFO] === Session Sync: 487d8b71-ba5c-4c7e-9516-943eb43601b1 ===
2026-07-29 18:00:58 [INFO]   Started: 2026-07-29T06:31:04
2026-07-29 18:00:58 [INFO]   Ended:   2026-07-29 18:00:58
2026-07-29 18:00:59 [INFO]   Git changes: 266 total
2026-07-29 18:00:59 [INFO]     Skills:    239
2026-07-29 18:00:59 [INFO]     Memory:    0
2026-07-29 18:00:59 [INFO]     Other:     27
2026-07-29 18:00:59 [INFO]   Snapshot: 20260729_180058 (skills)
2026-07-29 18:01:02 [INFO] === Session Sync: 68873e1c-88a9-42c0-8559-f0bdba605216 ===
2026-07-29 18:01:02 [INFO]   Started: 2026-07-29T08:07:15
2026-07-29 18:01:02 [INFO]   Ended:   2026-07-29 18:01:02
2026-07-29 18:01:02 [INFO]   Git changes: 354 total
2026-07-29 18:01:02 [INFO]     Skills:    325
2026-07-29 18:01:02 [INFO]     Memory:    0
2026-07-29 18:01:02 [INFO]     Other:     29
