[2026-06-24 18:28:09] [VERIFY] Fetching list info...
[2026-06-24 18:28:09] [VERIFY] List: newformal_Token1-15 SN-53672 (id=350033)
[2026-06-24 18:28:09] [VERIFY] Fetching list contacts...
[2026-06-24 18:28:18] [VERIFY] Fetched 366 list contacts
[2026-06-24 18:28:18] [VERIFY] Saved to: c:\Users\SI-Agent\AgentProject\listverify\newformal_Token1-15 SN-53672_emails.txt
[2026-06-24 18:28:18] [VERIFY] Reading xlsx emails...
[2026-06-24 18:28:18] [VERIFY] XLSX emails: 368 total
[2026-06-24 18:28:18] 
[2026-06-24 18:28:18] [VERIFY] ===========================================================
[2026-06-24 18:28:18] [VERIFY]   newformal_Token1-15 SN-53672
[2026-06-24 18:28:18] [VERIFY] ===========================================================
[2026-06-24 18:28:18] [VERIFY]   List total     : 368
[2026-06-24 18:28:18] [VERIFY]   Fetched emails : 366 unique
[2026-06-24 18:28:18] [VERIFY]   XLSX emails    : 368 unique
[2026-06-24 18:28:18] [VERIFY]   Matched        : 366
[2026-06-24 18:28:18] [VERIFY]   MISSING (2):
[2026-06-24 18:28:18] [VERIFY]     - fuguo.lu@163.com
[2026-06-24 18:28:18] [VERIFY]     - jwysoft@hotmail.com
[2026-06-24 18:28:18] [VERIFY]   RESULT: FAIL
[2026-06-24 18:28:18] [VERIFY] ===========================================================
