[2026-06-24 18:20:26] [VERIFY] Fetching list info...
[2026-06-24 18:20:26] [VERIFY] List: newformal_Token1-15 SN-53672 (id=350033)
[2026-06-24 18:20:26] [VERIFY] Fetching list contacts...
[2026-06-24 18:20:36] [VERIFY] Fetched 368 list contacts
[2026-06-24 18:20:36] [VERIFY] WARNING: 1 duplicate email(s) in list:
[2026-06-24 18:20:36] [VERIFY]   penghan.yang@noldus.com: appears 2 times
[2026-06-24 18:20:36] [VERIFY] Saved to: c:\Users\SI-Agent\AgentProject\listverify\newformal_Token1-15 SN-53672_emails.txt
[2026-06-24 18:20:36] [VERIFY] Reading xlsx emails...
[2026-06-24 18:20:36] [VERIFY] XLSX emails: 368 total
[2026-06-24 18:20:36] 
[2026-06-24 18:20:36] [VERIFY] ===========================================================
[2026-06-24 18:20:36] [VERIFY]   newformal_Token1-15 SN-53672
[2026-06-24 18:20:36] [VERIFY] ===========================================================
[2026-06-24 18:20:36] [VERIFY]   List total     : 368
[2026-06-24 18:20:36] [VERIFY]   Fetched emails : 367 unique
[2026-06-24 18:20:36] [VERIFY]   XLSX emails    : 368 unique
[2026-06-24 18:20:36] [VERIFY]   Matched        : 367
[2026-06-24 18:20:36] [VERIFY]   MISSING (1):
[2026-06-24 18:20:36] [VERIFY]     - zhipeng.cheng@azenta.com
[2026-06-24 18:20:36] [VERIFY]   RESULT: FAIL
[2026-06-24 18:20:36] [VERIFY] ===========================================================
