[2026-06-24 17:07:39] [VERIFY] Fetching list info...
[2026-06-24 17:07:39] [VERIFY] List: newformal_Token1-15 SN-53672 (id=350033)
[2026-06-24 17:07:39] [VERIFY] Fetching list contacts...
[2026-06-24 17:07:49] [VERIFY] Fetched 368 list contacts
[2026-06-24 17:07:58] [VERIFY] Saved to: C:\Users\SI-Agent\AgentProject\listverify\newformal_Token1-15 SN-53672_emails.txt
[2026-06-24 17:07:58] [VERIFY] Reading xlsx emails...
[2026-06-24 17:07:59] [VERIFY] XLSX emails: 368 total
[2026-06-24 17:07:59] 
[2026-06-24 17:07:59] [VERIFY] ===========================================================
[2026-06-24 17:07:59] [VERIFY]   newformal_Token1-15 SN-53672
[2026-06-24 17:07:59] [VERIFY] ===========================================================
[2026-06-24 17:07:59] [VERIFY]   List total     : 368
[2026-06-24 17:07:59] [VERIFY]   Fetched emails : 365 unique
[2026-06-24 17:07:59] [VERIFY]   XLSX emails    : 368 unique
[2026-06-24 17:07:59] [VERIFY]   Matched        : 365
[2026-06-24 17:07:59] [VERIFY]   MISSING (3):
[2026-06-24 17:07:59] [VERIFY]     - fuguo.lu@163.com
[2026-06-24 17:07:59] [VERIFY]     - jwysoft@hotmail.com
[2026-06-24 17:07:59] [VERIFY]     - zhipeng.cheng@azenta.com
[2026-06-24 17:07:59] [VERIFY]   RESULT: FAIL
[2026-06-24 17:07:59] [VERIFY] ===========================================================
