[2026-06-24 19:05:12] [DEEP] Reading xlsx...
[2026-06-24 19:05:12] [DEEP] XLSX: 175 emails
[2026-06-24 19:05:12] [DEEP] Querying 175 emails via API (workers=10)...
[2026-06-24 19:05:15] [DEEP] Found 175/175 in list (2.5s)
[2026-06-24 19:05:15] [DEEP] Saving contacts to CSV...
[2026-06-24 19:05:15] [DEEP] Saved CSV: ContactInfo_exported_SN-53673_20260624_190515.csv
[2026-06-24 19:05:15] [DEEP] Comparing field by field...
[2026-06-24 19:05:15] 
[2026-06-24 19:05:15] ============================================================
[2026-06-24 19:05:15]   DEEP VERIFY: SN-53673
[2026-06-24 19:05:15] ============================================================
[2026-06-24 19:05:15]   XLSX contacts   : 175
[2026-06-24 19:05:15]   In list         : 175
[2026-06-24 19:05:15]   Email matched   : 175
[2026-06-24 19:05:15]   Email check     : PASS
[2026-06-24 19:05:15] 
[2026-06-24 19:05:15] ------------------------------------------------------------
[2026-06-24 19:05:15]   Fields compared : 1925
[2026-06-24 19:05:15]   Fields matched  : 1924
[2026-06-24 19:05:15]   Field match     : FAIL
[2026-06-24 19:05:15] 
[2026-06-24 19:05:15]   Field mismatches:
[2026-06-24 19:05:15]     Token3: 1 mismatch(es)
[2026-06-24 19:05:15] 
[2026-06-24 19:05:15]   Detail (first 20):
[2026-06-24 19:05:15]     [gary.zheng@zoetis.com] Token3:
[2026-06-24 19:05:15]       XLSX: ea49b51e-0d34-4bd8-a2d8-eaab7e14c286, Zoetis EA China  PRODUCTION
[2026-06-24 19:05:15]       API : ea49b51e-0d34-4bd8-a2d8-eaab7e14c286, Zoetis EA China PRODUCTION
[2026-06-24 19:05:15] 
[2026-06-24 19:05:15] ============================================================
[2026-06-24 19:05:15]   RESULT: FAIL
[2026-06-24 19:05:15] ============================================================
