[2026-06-24 17:06:13] [VERIFY] Fetching list info...
[2026-06-24 17:06:14] [VERIFY] List: newformal_Token1-15 SN-53672 (id=350033)
[2026-06-24 17:06:14] [VERIFY] Fetching list contacts...
[2026-06-24 17:06:24] [VERIFY] Fetched 368 list contacts
[2026-06-24 17:06:33] [VERIFY] Saved to: C:\Users\SI-Agent\AgentProject\listverify\newformal_Token1-15 SN-53672_emails.txt
[2026-06-24 17:06:33] [VERIFY] Reading xlsx emails...
[2026-06-24 17:06:33] [VERIFY] XLSX emails: 368 total
[2026-06-24 17:06:33] 
[2026-06-24 17:06:33] [VERIFY] ===========================================================
[2026-06-24 17:06:33] [VERIFY]   newformal_Token1-15 SN-53672
[2026-06-24 17:06:33] [VERIFY] ===========================================================
[2026-06-24 17:06:33] [VERIFY]   List total     : 368
[2026-06-24 17:06:33] [VERIFY]   Fetched emails : 366 unique
[2026-06-24 17:06:33] [VERIFY]   XLSX emails    : 368 unique
[2026-06-24 17:06:33] [VERIFY]   Matched        : 366
[2026-06-24 17:06:33] [VERIFY]   MISSING (2):
[2026-06-24 17:06:33] [VERIFY]     - jwysoft@hotmail.com
[2026-06-24 17:06:33] [VERIFY]     - zhipeng.cheng@azenta.com
[2026-06-24 17:06:33] [VERIFY]   RESULT: FAIL
[2026-06-24 17:06:33] [VERIFY] ===========================================================
