[2026-06-24 17:39:33] [VERIFY] Fetching list info...
[2026-06-24 17:39:33] [VERIFY] List: newformal_Token1-15 SN-53672 (id=350033)
[2026-06-24 17:39:33] [VERIFY] Fetching list contacts...
[2026-06-24 17:39:42] [VERIFY] Fetched 368 list contacts
[2026-06-24 17:39:42] [VERIFY] WARNING: 2 duplicate email(s) in list:
[2026-06-24 17:39:42] [VERIFY]   viathesky@outlook.com: appears 2 times
[2026-06-24 17:39:42] [VERIFY]   devops@mocking-j.com: appears 2 times
[2026-06-24 17:39:43] [VERIFY] Saved to: C:\Users\SI-Agent\AgentProject\listverify\newformal_Token1-15 SN-53672_emails.txt
[2026-06-24 17:39:43] [VERIFY] Reading xlsx emails...
[2026-06-24 17:39:43] [VERIFY] XLSX emails: 368 total
[2026-06-24 17:39:43] 
[2026-06-24 17:39:43] [VERIFY] ===========================================================
[2026-06-24 17:39:43] [VERIFY]   newformal_Token1-15 SN-53672
[2026-06-24 17:39:43] [VERIFY] ===========================================================
[2026-06-24 17:39:43] [VERIFY]   List total     : 368
[2026-06-24 17:39:43] [VERIFY]   Fetched emails : 366 unique
[2026-06-24 17:39:43] [VERIFY]   XLSX emails    : 368 unique
[2026-06-24 17:39:43] [VERIFY]   Matched        : 366
[2026-06-24 17:39:43] [VERIFY]   MISSING (2):
[2026-06-24 17:39:43] [VERIFY]     - fuguo.lu@163.com
[2026-06-24 17:39:43] [VERIFY]     - jwysoft@hotmail.com
[2026-06-24 17:39:43] [VERIFY]   RESULT: FAIL
[2026-06-24 17:39:43] [VERIFY] ===========================================================
