[2026-06-24 18:52:24] [VERIFY] Fetching list info...
[2026-06-24 18:52:24] [VERIFY] List: formal_Token1-15 SN-53672 (id=350032)
[2026-06-24 18:52:24] [VERIFY] Reading xlsx emails...
[2026-06-24 18:52:24] [VERIFY] XLSX emails: 368
[2026-06-24 18:52:24] [VERIFY] Checking emails in list (parallel)...
[2026-06-24 18:52:26] [VERIFY] Checked 368 emails in 2.4s
[2026-06-24 18:52:26] [VERIFY] Found in list: 108
[2026-06-24 18:52:26] [VERIFY] Missing: 260
[2026-06-24 18:52:26] [VERIFY] Saved to: C:\Users\SI-Agent\AgentProject\listverify\formal_Token1-15 SN-53672_emails.txt
[2026-06-24 18:52:26] 
[2026-06-24 18:52:26] [VERIFY] ===========================================================
[2026-06-24 18:52:26] [VERIFY]   formal_Token1-15 SN-53672
[2026-06-24 18:52:26] [VERIFY] ===========================================================
[2026-06-24 18:52:26] [VERIFY]   List total     : 108
[2026-06-24 18:52:26] [VERIFY]   XLSX emails    : 368
[2026-06-24 18:52:26] [VERIFY]   In list        : 108
[2026-06-24 18:52:26] [VERIFY]   Matched        : 108
[2026-06-24 18:52:26] [VERIFY]   MISSING (260):
[2026-06-24 18:52:26] [VERIFY]     - gary.zheng@zoetis.com
[2026-06-24 18:52:26] [VERIFY]     - garylai@comtech.cn
[2026-06-24 18:52:27] [VERIFY]     - gin.xu@effem.com
[2026-06-24 18:52:27] [VERIFY]     - grace.l.zhang@sandvik.com
[2026-06-24 18:52:27] [VERIFY]     - guanqing.weng@allnex.com
[2026-06-24 18:52:27] [VERIFY]     - guoguannan@outlook.com
[2026-06-24 18:52:27] [VERIFY]     - guojing@wnt.com.cn
[2026-06-24 18:52:27] [VERIFY]     - guomingyang@encootech.com
[2026-06-24 18:52:27] [VERIFY]     - haitaoj@herbalife.com
[2026-06-24 18:52:27] [VERIFY]     - hao.ruan@covestro.com
[2026-06-24 18:52:27] [VERIFY]     - harry.zhou@lianwei.com.cn
[2026-06-24 18:52:27] [VERIFY]     - hawang@deloitte.com.cn
[2026-06-24 18:52:27] [VERIFY]     - hejin@schaeffler.com
[2026-06-24 18:52:27] [VERIFY]     - henry.hao@delaware.pro
[2026-06-24 18:52:27] [VERIFY]     - herman.zhao@avepoint.com
[2026-06-24 18:52:27] [VERIFY]     - hk001320cn@3m.com.cn
[2026-06-24 18:52:27] [VERIFY]     - hong.chen2@abbott.com
[2026-06-24 18:52:27] [VERIFY]     - hongyan2.sun@loreal.com
[2026-06-24 18:52:27] [VERIFY]     - hostmaster@minornet.com
[2026-06-24 18:52:27] [VERIFY]     - hou_qiang@wuxiapptec.com
[2026-06-24 18:52:27] [VERIFY]     - howard.dl.huang@carlsberg.asia
[2026-06-24 18:52:27] [VERIFY]     - huachun.chen@cn.bosch.com
[2026-06-24 18:52:27] [VERIFY]     - huaicheng.li@accenture.cn
[2026-06-24 18:52:27] [VERIFY]     - huangbo@vip.163.com
[2026-06-24 18:52:27] [VERIFY]     - huangweili@xincheng.com
[2026-06-24 18:52:27] [VERIFY]     - hyang@gnresound.com
[2026-06-24 18:52:27] [VERIFY]     - ian.zhou@vistachina.cn
[2026-06-24 18:52:27] [VERIFY]     - ice.he@clarios.com
[2026-06-24 18:52:27] [VERIFY]     - ilf2szh@bosch.com
[2026-06-24 18:52:27] [VERIFY]     - inchlin@synnex-grp.com
[2026-06-24 18:52:27] [VERIFY]     - infrastructure@reasonables.com
[2026-06-24 18:52:27] [VERIFY]     - intoinfchina@outlook.com
[2026-06-24 18:52:27] [VERIFY]     - iris.cai@cn.ey.com
[2026-06-24 18:52:27] [VERIFY]     - isaacb@logisteed.com
[2026-06-24 18:52:27] [VERIFY]     - issac_manoj@cat.com
[2026-06-24 18:52:27] [VERIFY]     - iven.dan@fang-ka.cn
[2026-06-24 18:52:27] [VERIFY]     - iwang@midtronics.com
[2026-06-24 18:52:27] [VERIFY]     - jack.feng@linde.com
[2026-06-24 18:52:27] [VERIFY]     - jackin.lv@moxa.com
[2026-06-24 18:52:27] [VERIFY]     - jacob.zhang@lianwei.com.cn
[2026-06-24 18:52:27] [VERIFY]     - jak1szh@bosch.com
[2026-06-24 18:52:27] [VERIFY]     - jalv@coca-cola.com
[2026-06-24 18:52:27] [VERIFY]     - jane.xiao@ai5yue.com
[2026-06-24 18:52:27] [VERIFY]     - janson.jsun@lsh.com
[2026-06-24 18:52:27] [VERIFY]     - jason@ciandt.com
[2026-06-24 18:52:27] [VERIFY]     - jayleefan@foxmail.com
[2026-06-24 18:52:27] [VERIFY]     - jbfanning@mmm.com
[2026-06-24 18:52:27] [VERIFY]     - jcui@sharewinfo.com
[2026-06-24 18:52:27] [VERIFY]     - jeffery.yu@sony.com
[2026-06-24 18:52:27] [VERIFY]     - jeffrey.wang@hm.com
[2026-06-24 18:52:27] [VERIFY]     - jenn.zhang@sapiencepro.com
[2026-06-24 18:52:27] [VERIFY]     - jerome.li@nielseniq.com
[2026-06-24 18:52:27] [VERIFY]     - jialu@cdfsunrise.com
[2026-06-24 18:52:27] [VERIFY]     - jiamin.wang@xmumic.com
[2026-06-24 18:52:27] [VERIFY]     - jian.j.xu@mercedes-benz.com
[2026-06-24 18:52:27] [VERIFY]     - jianxin.li@norming.com.cn
[2026-06-24 18:52:27] [VERIFY]     - jie.chen@munters.com
[2026-06-24 18:52:27] [VERIFY]     - jieyu.you@kiongroup.com
[2026-06-24 18:52:27] [VERIFY]     - jingyi.li@clobotics.com
[2026-06-24 18:52:27] [VERIFY]     - jinjin_guo@olympus.com.cn
[2026-06-24 18:52:27] [VERIFY]     - jinyja@digitalchina.com
[2026-06-24 18:52:27] [VERIFY]     - jjin@meritcro.com
[2026-06-24 18:52:27] [VERIFY]     - jli@mm-software.com
[2026-06-24 18:52:27] [VERIFY]     - joe.zhao2@kraftheinz.com
[2026-06-24 18:52:27] [VERIFY]     - justin.lu@nova-tech.cn
[2026-06-24 18:52:27] [VERIFY]     - justin.lu@novatech.cn
[2026-06-24 18:52:27] [VERIFY]     - jwysoft@hotmail.com
[2026-06-24 18:52:27] [VERIFY]     - jyqiu@ra.rockwell.com
[2026-06-24 18:52:27] [VERIFY]     - kai.zhu@servier.com
[2026-06-24 18:52:27] [VERIFY]     - kaichun.liu@nike.com
[2026-06-24 18:52:27] [VERIFY]     - kairong.wang@united-imaging.com
[2026-06-24 18:52:27] [VERIFY]     - ken_hung@asus.com
[2026-06-24 18:52:27] [VERIFY]     - kevin.qin@alleima.com
[2026-06-24 18:52:27] [VERIFY]     - kevin.zyt.zhou@cn.ey.com
[2026-06-24 18:52:27] [VERIFY]     - kiji@demant.com
[2026-06-24 18:52:27] [VERIFY]     - killian_qi@weview.green
[2026-06-24 18:52:27] [VERIFY]     - kong.jun@siemens-healthineers.com
[2026-06-24 18:52:27] [VERIFY]     - kunpeng.zeng@anruidigital.com
[2026-06-24 18:52:27] [VERIFY]     - kyle.wu@vanguardlogistics.com
[2026-06-24 18:52:27] [VERIFY]     - kzhg@novonordisk.com
[2026-06-24 18:52:27] [VERIFY]     - laurence.miao@cn.bosch.com
[2026-06-24 18:52:27] [VERIFY]     - leaf8848@hotmail.com
[2026-06-24 18:52:27] [VERIFY]     - leezq@trusthx.com
[2026-06-24 18:52:27] [VERIFY]     - leo.yuan@bayer.com
[2026-06-24 18:52:27] [VERIFY]     - lez@phenomenex.com
[2026-06-24 18:52:27] [VERIFY]     - li.q@siemens-energy.com
[2026-06-24 18:52:27] [VERIFY]     - liang.zhang@beigene.com
[2026-06-24 18:52:27] [VERIFY]     - liangchengping@sutu.tech
[2026-06-24 18:52:27] [VERIFY]     - liangyx1@digitalchina.com
[2026-06-24 18:52:27] [VERIFY]     - liany@glodon.com
[2026-06-24 18:52:27] [VERIFY]     - lianzi.ji@geneseeq.com
[2026-06-24 18:52:27] [VERIFY]     - licensemanagement@melaleuca.com.cn
[2026-06-24 18:52:27] [VERIFY]     - lifu.xu@capriholdings.com.cn
[2026-06-24 18:52:27] [VERIFY]     - lin.zhang4@kohler.com.cn
[2026-06-24 18:52:27] [VERIFY]     - liqiang@danfoss.com
[2026-06-24 18:52:27] [VERIFY]     - liujx@yunzhixue.cn
[2026-06-24 18:52:27] [VERIFY]     - liwen.zhou@cat.com
[2026-06-24 18:52:27] [VERIFY]     - lizhiyuan@live.com
[2026-06-24 18:52:27] [VERIFY]     - lucius.cao@quesbook.com
[2026-06-24 18:52:27] [VERIFY]     - luffy.zhou@loreal.com
[2026-06-24 18:52:27] [VERIFY]     - lujun@lightestsport.com
[2026-06-24 18:52:27] [VERIFY]     - luke.sheng@cn.swatchgroup.com
[2026-06-24 18:52:28] [VERIFY]     - lumy@nysoftland.com.cn
[2026-06-24 18:52:28] [VERIFY]     - luna.qi@akmii.com
[2026-06-24 18:52:28] [VERIFY]     - lundo.hua@cn.bosch.com
[2026-06-24 18:52:28] [VERIFY]     - lvrongyu@outlook.com
[2026-06-24 18:52:28] [VERIFY]     - mayank.thakar@deiglobal.com
[2026-06-24 18:52:28] [VERIFY]     - miao.guo@1hai.cn
[2026-06-24 18:52:28] [VERIFY]     - miao.lei@mts.com
[2026-06-24 18:52:28] [VERIFY]     - michael.li@corteva.com
[2026-06-24 18:52:28] [VERIFY]     - michael.yuan@cookmedical.com
[2026-06-24 18:52:28] [VERIFY]     - michelle.peh@teamlewis.com
[2026-06-24 18:52:28] [VERIFY]     - microsoftazure@filtronic.com
[2026-06-24 18:52:28] [VERIFY]     - mil8szh@bosch.com
[2026-06-24 18:52:28] [VERIFY]     - ming-ming.gui@chargedot.com
[2026-06-24 18:52:28] [VERIFY]     - miungwe@vip.qq.com
[2026-06-24 18:52:28] [VERIFY]     - mmfy@299792458.partner.onmschina.cn
[2026-06-24 18:52:28] [VERIFY]     - msci_azchina-sbmonitoring@msci.com
[2026-06-24 18:52:28] [VERIFY]     - multipliciflore@163.com
[2026-06-24 18:52:28] [VERIFY]     - nana.wu@tgexsanyi.cn
[2026-06-24 18:52:28] [VERIFY]     - nanzhang@celestica.com
[2026-06-24 18:52:28] [VERIFY]     - naomi.zhu@atlascopco.com
[2026-06-24 18:52:28] [VERIFY]     - natt.ni@astrazeneca.com
[2026-06-24 18:52:28] [VERIFY]     - ndong@deloittecn.com.cn
[2026-06-24 18:52:28] [VERIFY]     - ni.chen@cslbehring.com.cn
[2026-06-24 18:52:28] [VERIFY]     - nick.fang@essilorchina.com
[2026-06-24 18:52:28] [VERIFY]     - nikhil.gopadi@cat.com
[2026-06-24 18:52:28] [VERIFY]     - nora.nian@lianwei.com.cn
[2026-06-24 18:52:28] [VERIFY]     - nshen@christiandior.com
[2026-06-24 18:52:28] [VERIFY]     - olawale.ogunleye@cat.com
[2026-06-24 18:52:28] [VERIFY]     - operations@appinchina.co
[2026-06-24 18:52:28] [VERIFY]     - oscar.zhu@estudio.toshiba.com.cn
[2026-06-24 18:52:28] [VERIFY]     - p-lu@mmm.com
[2026-06-24 18:52:28] [VERIFY]     - panjie@fatianshi.cn
[2026-06-24 18:52:28] [VERIFY]     - pasakorn.rat@quantiumfund.com
[2026-06-24 18:52:28] [VERIFY]     - patrick.wei@starbucks.cn
[2026-06-24 18:52:28] [VERIFY]     - pei_jiaqi@nec.cn
[2026-06-24 18:52:28] [VERIFY]     - peng.sun@araymond.com
[2026-06-24 18:52:28] [VERIFY]     - penghan.yang@noldus.com
[2026-06-24 18:52:28] [VERIFY]     - penny.xu@halma.com
[2026-06-24 18:52:28] [VERIFY]     - peter.lee@cppchina.com.cn
[2026-06-24 18:52:28] [VERIFY]     - phoenix.huang@kantar.com
[2026-06-24 18:52:28] [VERIFY]     - phzeng-c-@coca-cola.com
[2026-06-24 18:52:28] [VERIFY]     - pji2@ford.com
[2026-06-24 18:52:28] [VERIFY]     - qian.zhang4@vstecs.com
[2026-06-24 18:52:28] [VERIFY]     - qiuyun.cheng@hand-china.com
[2026-06-24 18:52:28] [VERIFY]     - qwang156@ford.com
[2026-06-24 18:52:28] [VERIFY]     - ralle214@ford.com
[2026-06-24 18:52:28] [VERIFY]     - renchangfu@cnbmtech.com
[2026-06-24 18:52:28] [VERIFY]     - robxiao@coca-cola.com
[2026-06-24 18:52:28] [VERIFY]     - roman.melnyk@axionbio.com
[2026-06-24 18:52:28] [VERIFY]     - rongyou@wjw1.com
[2026-06-24 18:52:28] [VERIFY]     - rosontan@rplus.com
[2026-06-24 18:52:28] [VERIFY]     - rui.ji@cheilpengtai.com
[2026-06-24 18:52:28] [VERIFY]     - ry938@cummins.com
[2026-06-24 18:52:28] [VERIFY]     - ryan.xue@it.eurofinscn.com
[2026-06-24 18:52:28] [VERIFY]     - s.ide@alphapurchase.cn
[2026-06-24 18:52:28] [VERIFY]     - sa-1@digitalchina.com
[2026-06-24 18:52:28] [VERIFY]     - sam.xu@wellingtoncollege.cn
[2026-06-24 18:52:28] [VERIFY]     - sdaphne@ford.com
[2026-06-24 18:52:28] [VERIFY]     - sean.qiu@visiongroupretail.com
[2026-06-24 18:52:28] [VERIFY]     - service@cxwow.net
[2026-06-24 18:52:28] [VERIFY]     - shaowei.lu@accelleron-industries.com
[2026-06-24 18:52:28] [VERIFY]     - shengkunyang@126.com
[2026-06-24 18:52:28] [VERIFY]     - sherriex@jingtengtech.com
[2026-06-24 18:52:28] [VERIFY]     - shirong.liu@ebestmobile.com
[2026-06-24 18:52:28] [VERIFY]     - shiweiquan@ricard.cn
[2026-06-24 18:52:28] [VERIFY]     - simon9k@gmail.com
[2026-06-24 18:52:28] [VERIFY]     - stacy.diederich@donaldson.com
[2026-06-24 18:52:28] [VERIFY]     - stanley.li@wtwco.com
[2026-06-24 18:52:28] [VERIFY]     - steven.dai@jci.com
[2026-06-24 18:52:28] [VERIFY]     - sumit.raut@akzonobel.com
[2026-06-24 18:52:28] [VERIFY]     - summer.xia@linksinternational.com
[2026-06-24 18:52:28] [VERIFY]     - sun.xiao5@oe.21vianet.com
[2026-06-24 18:52:28] [VERIFY]     - sunny1229_1314@hotmail.com
[2026-06-24 18:52:28] [VERIFY]     - supertigerzou@hotmail.com
[2026-06-24 18:52:28] [VERIFY]     - suxin@innostic.com
[2026-06-24 18:52:28] [VERIFY]     - sven.lilie@komaxgroup.com
[2026-06-24 18:52:28] [VERIFY]     - syan@eastman.com
[2026-06-24 18:52:28] [VERIFY]     - sylgcn@163.com
[2026-06-24 18:52:29] [VERIFY]     - sync-service@cnbmtech.top
[2026-06-24 18:52:29] [VERIFY]     - taishuzhineng@outlook.com
[2026-06-24 18:52:29] [VERIFY]     - ted.lahteenmaki@viedoc.com
[2026-06-24 18:52:29] [VERIFY]     - terry.guan@mayoly.com
[2026-06-24 18:52:29] [VERIFY]     - terry.shu@optoma.com.cn
[2026-06-24 18:52:29] [VERIFY]     - thomas.chen@zeiss.com
[2026-06-24 18:52:29] [VERIFY]     - thomas.wang@fmc-asia.com
[2026-06-24 18:52:29] [VERIFY]     - tiago.amaral@pernod-ricard.com
[2026-06-24 18:52:29] [VERIFY]     - tianhq@tmci.com.cn
[2026-06-24 18:52:29] [VERIFY]     - tianqi.dong@michelin.com
[2026-06-24 18:52:29] [VERIFY]     - toney.tong@schindler.com
[2026-06-24 18:52:29] [VERIFY]     - tony.mao@komaxgroup.com
[2026-06-24 18:52:29] [VERIFY]     - tony_wang@skypine.com
[2026-06-24 18:52:29] [VERIFY]     - tthacker@mmm.com
[2026-06-24 18:52:29] [VERIFY]     - valuemar@163.com
[2026-06-24 18:52:29] [VERIFY]     - vangie.li@mmm.com
[2026-06-24 18:52:29] [VERIFY]     - vanjaneya@beckman.com
[2026-06-24 18:52:29] [VERIFY]     - viathesky@outlook.com
[2026-06-24 18:52:29] [VERIFY]     - vilit@arlafoods.com
[2026-06-24 18:52:29] [VERIFY]     - vivek.thiyagarajan@ramco.com
[2026-06-24 18:52:29] [VERIFY]     - wang.chengzhang@siemens-energy.com
[2026-06-24 18:52:29] [VERIFY]     - wang.yao@cn.scor.com
[2026-06-24 18:52:29] [VERIFY]     - wang_john@yahoo.com
[2026-06-24 18:52:29] [VERIFY]     - wangbin@siger.cloud
[2026-06-24 18:52:29] [VERIFY]     - wangxin@china-inv.cn
[2026-06-24 18:52:29] [VERIFY]     - wangyong@cnbmtech.com
[2026-06-24 18:52:29] [VERIFY]     - wangzq@esquel.com
[2026-06-24 18:52:29] [VERIFY]     - wayne.shen@basf.com
[2026-06-24 18:52:29] [VERIFY]     - weicheng.gu@nespresso.com
[2026-06-24 18:52:29] [VERIFY]     - weilin.zhou@tuvsud.com
[2026-06-24 18:52:29] [VERIFY]     - weixiong.dai@united-imaging.com
[2026-06-24 18:52:29] [VERIFY]     - wen-liang.zhu@wsa.com
[2026-06-24 18:52:29] [VERIFY]     - wenetplus@outlook.com
[2026-06-24 18:52:29] [VERIFY]     - wenjie.wang@volvo.com
[2026-06-24 18:52:29] [VERIFY]     - wenmiaozhang@xiaohongshu.com
[2026-06-24 18:52:29] [VERIFY]     - wenqing.ye@united-imaging.com
[2026-06-24 18:52:29] [VERIFY]     - william.yang@summergate.com
[2026-06-24 18:52:29] [VERIFY]     - wrwang@deloitte.com.cn
[2026-06-24 18:52:29] [VERIFY]     - wuwj@esquel.com
[2026-06-24 18:52:29] [VERIFY]     - wyl8309173@msn.com
[2026-06-24 18:52:29] [VERIFY]     - xf7866@qq.com
[2026-06-24 18:52:29] [VERIFY]     - xian.su@lzsaike.com
[2026-06-24 18:52:29] [VERIFY]     - xiaobo.pan@volvocars.com
[2026-06-24 18:52:29] [VERIFY]     - xiaolong.she@nokia.com
[2026-06-24 18:52:29] [VERIFY]     - xiaowei.wang@aramark.cn
[2026-06-24 18:52:29] [VERIFY]     - xinfeng.yu@tjyh2003.com
[2026-06-24 18:52:29] [VERIFY]     - xinyang.yin@lianwei.com.cn
[2026-06-24 18:52:29] [VERIFY]     - xuan.wu@cn.nestle.com
[2026-06-24 18:52:29] [VERIFY]     - xubin@zillionfortune.com
[2026-06-24 18:52:29] [VERIFY]     - xueshoulai@xiaoice.cn
[2026-06-24 18:52:29] [VERIFY]     - xulm@china-inv.cn
[2026-06-24 18:52:29] [VERIFY]     - xushu@china-inv.cn
[2026-06-24 18:52:29] [VERIFY]     - xxyuze@live.com
[2026-06-24 18:52:29] [VERIFY]     - yama.liu@cn.ey.com
[2026-06-24 18:52:29] [VERIFY]     - yanglin@winchannel.net
[2026-06-24 18:52:29] [VERIFY]     - yanlei@seewayai.com
[2026-06-24 18:52:29] [VERIFY]     - yanzhi.zhang@vstecs.com
[2026-06-24 18:52:29] [VERIFY]     - yao.tang@crerax.com
[2026-06-24 18:52:29] [VERIFY]     - yaoh@by-health.com
[2026-06-24 18:52:29] [VERIFY]     - ye.xiong@britishcouncil.org.cn
[2026-06-24 18:52:29] [VERIFY]     - ye_tingyu@centific.com
[2026-06-24 18:52:29] [VERIFY]     - yinchao@outlook.com
[2026-06-24 18:52:29] [VERIFY]     - yong.yang@medalsoft.com
[2026-06-24 18:52:29] [VERIFY]     - yuanzheng@dfocuspace.com
[2026-06-24 18:52:29] [VERIFY]     - yunru.yang-adm@loreal.com
[2026-06-24 18:52:29] [VERIFY]     - zax.chi@cn.ey.com
[2026-06-24 18:52:29] [VERIFY]     - zhang.lisa@abbvie.com
[2026-06-24 18:52:29] [VERIFY]     - zhangrf@bbac.com.cn
[2026-06-24 18:52:29] [VERIFY]     - zhangruixue@virtaitech.com
[2026-06-24 18:52:29] [VERIFY]     - zhangtao@sharewinfobi.onmicrosoft.com
[2026-06-24 18:52:29] [VERIFY]     - zhangyao@sooxue.com
[2026-06-24 18:52:29] [VERIFY]     - zhao.x.13@pg.com
[2026-06-24 18:52:29] [VERIFY]     - zhipeng.cheng@azenta.com
[2026-06-24 18:52:29] [VERIFY]     - zhiping.li@zonjli.com
[2026-06-24 18:52:29] [VERIFY]     - zhoujiejiao@pan-color.com
[2026-06-24 18:52:29] [VERIFY]     - zhouli@hotwater.com.cn
[2026-06-24 18:52:29] [VERIFY]     - zhu_bin-zb@gientech.com
[2026-06-24 18:52:29] [VERIFY]     - zhue@eagleottawa.com
[2026-06-24 18:52:29] [VERIFY]     - zilch@139.com
[2026-06-24 18:52:29] [VERIFY]     - zliwei@mobileiron.com
[2026-06-24 18:52:29] [VERIFY]   RESULT: FAIL
[2026-06-24 18:52:29] [VERIFY] ===========================================================
